ARM GAS  /tmp/ccbN8AZz.s 			page 1


   1              		.cpu cortex-m7
   2              		.arch armv7e-m
   3              		.fpu fpv5-sp-d16
   4              		.eabi_attribute 27, 1
   5              		.eabi_attribute 28, 1
   6              		.eabi_attribute 20, 1
   7              		.eabi_attribute 21, 1
   8              		.eabi_attribute 23, 3
   9              		.eabi_attribute 24, 1
  10              		.eabi_attribute 25, 1
  11              		.eabi_attribute 26, 1
  12              		.eabi_attribute 30, 1
  13              		.eabi_attribute 34, 1
  14              		.eabi_attribute 18, 4
  15              		.file	"dsp.c"
  16              		.text
  17              	.Ltext0:
  18              		.cfi_sections	.debug_frame
  19              		.file 1 "Core/Src/dsp.c"
  20              		.section	.text.nco_init,"ax",%progbits
  21              		.align	1
  22              		.global	nco_init
  23              		.syntax unified
  24              		.thumb
  25              		.thumb_func
  27              	nco_init:
  28              	.LVL0:
  29              	.LFB174:
   1:Core/Src/dsp.c **** #include "dsp.h"
   2:Core/Src/dsp.c **** #include <math.h>
   3:Core/Src/dsp.c **** 
   4:Core/Src/dsp.c **** #define TWO_PI 6.28318530718f
   5:Core/Src/dsp.c **** 
   6:Core/Src/dsp.c **** // -------------------- NCO --------------------
   7:Core/Src/dsp.c **** void nco_init(nco_t *q, float freq_hz, float fs_hz)
   8:Core/Src/dsp.c **** {
  30              		.loc 1 8 1 view -0
  31              		.cfi_startproc
  32              		@ args = 0, pretend = 0, frame = 0
  33              		@ frame_needed = 0, uses_anonymous_args = 0
  34              		@ link register save eliminated.
   9:Core/Src/dsp.c ****     q->fs    = fs_hz;
  35              		.loc 1 9 5 view .LVU1
  36              		.loc 1 9 14 is_stmt 0 view .LVU2
  37 0000 C0ED020A 		vstr.32	s1, [r0, #8]
  10:Core/Src/dsp.c ****     q->freq  = freq_hz;
  38              		.loc 1 10 5 is_stmt 1 view .LVU3
  39              		.loc 1 10 14 is_stmt 0 view .LVU4
  40 0004 80ED030A 		vstr.32	s0, [r0, #12]
  11:Core/Src/dsp.c ****     q->phase = 0.0f;
  41              		.loc 1 11 5 is_stmt 1 view .LVU5
  42              		.loc 1 11 14 is_stmt 0 view .LVU6
  43 0008 0023     		movs	r3, #0
  44 000a 0360     		str	r3, [r0]	@ float
  12:Core/Src/dsp.c ****     q->dphi  = TWO_PI * freq_hz / fs_hz;
  45              		.loc 1 12 5 is_stmt 1 view .LVU7
  46              		.loc 1 12 23 is_stmt 0 view .LVU8
ARM GAS  /tmp/ccbN8AZz.s 			page 2


  47 000c DFED047A 		vldr.32	s15, .L2
  48 0010 20EE270A 		vmul.f32	s0, s0, s15
  49              	.LVL1:
  50              		.loc 1 12 33 view .LVU9
  51 0014 C0EE207A 		vdiv.f32	s15, s0, s1
  52              		.loc 1 12 14 view .LVU10
  53 0018 C0ED017A 		vstr.32	s15, [r0, #4]
  13:Core/Src/dsp.c **** }
  54              		.loc 1 13 1 view .LVU11
  55 001c 7047     		bx	lr
  56              	.L3:
  57 001e 00BF     		.align	2
  58              	.L2:
  59 0020 DB0FC940 		.word	1086918619
  60              		.cfi_endproc
  61              	.LFE174:
  63              		.section	.text.nco_set_freq,"ax",%progbits
  64              		.align	1
  65              		.global	nco_set_freq
  66              		.syntax unified
  67              		.thumb
  68              		.thumb_func
  70              	nco_set_freq:
  71              	.LVL2:
  72              	.LFB175:
  14:Core/Src/dsp.c **** 
  15:Core/Src/dsp.c **** void nco_set_freq(nco_t *q, float freq_hz)
  16:Core/Src/dsp.c **** {
  73              		.loc 1 16 1 is_stmt 1 view -0
  74              		.cfi_startproc
  75              		@ args = 0, pretend = 0, frame = 0
  76              		@ frame_needed = 0, uses_anonymous_args = 0
  77              		@ link register save eliminated.
  17:Core/Src/dsp.c ****     q->freq = freq_hz;
  78              		.loc 1 17 5 view .LVU13
  79              		.loc 1 17 13 is_stmt 0 view .LVU14
  80 0000 80ED030A 		vstr.32	s0, [r0, #12]
  18:Core/Src/dsp.c ****     q->dphi = TWO_PI * freq_hz / q->fs;
  81              		.loc 1 18 5 is_stmt 1 view .LVU15
  82              		.loc 1 18 22 is_stmt 0 view .LVU16
  83 0004 DFED057A 		vldr.32	s15, .L5
  84 0008 20EE270A 		vmul.f32	s0, s0, s15
  85              	.LVL3:
  86              		.loc 1 18 35 view .LVU17
  87 000c 90ED027A 		vldr.32	s14, [r0, #8]
  88              		.loc 1 18 32 view .LVU18
  89 0010 C0EE077A 		vdiv.f32	s15, s0, s14
  90              		.loc 1 18 13 view .LVU19
  91 0014 C0ED017A 		vstr.32	s15, [r0, #4]
  19:Core/Src/dsp.c **** }
  92              		.loc 1 19 1 view .LVU20
  93 0018 7047     		bx	lr
  94              	.L6:
  95 001a 00BF     		.align	2
  96              	.L5:
  97 001c DB0FC940 		.word	1086918619
  98              		.cfi_endproc
ARM GAS  /tmp/ccbN8AZz.s 			page 3


  99              	.LFE175:
 101              		.section	.text.nco_step,"ax",%progbits
 102              		.align	1
 103              		.global	nco_step
 104              		.syntax unified
 105              		.thumb
 106              		.thumb_func
 108              	nco_step:
 109              	.LVL4:
 110              	.LFB176:
  20:Core/Src/dsp.c **** 
  21:Core/Src/dsp.c **** void nco_step(nco_t *q)
  22:Core/Src/dsp.c **** {
 111              		.loc 1 22 1 is_stmt 1 view -0
 112              		.cfi_startproc
 113              		@ args = 0, pretend = 0, frame = 0
 114              		@ frame_needed = 0, uses_anonymous_args = 0
 115              		@ link register save eliminated.
  23:Core/Src/dsp.c ****     q->phase += q->dphi;
 116              		.loc 1 23 5 view .LVU22
 117              		.loc 1 23 6 is_stmt 0 view .LVU23
 118 0000 D0ED007A 		vldr.32	s15, [r0]
 119              		.loc 1 23 18 view .LVU24
 120 0004 90ED017A 		vldr.32	s14, [r0, #4]
 121              		.loc 1 23 14 view .LVU25
 122 0008 77EE877A 		vadd.f32	s15, s15, s14
 123 000c C0ED007A 		vstr.32	s15, [r0]
  24:Core/Src/dsp.c ****     if (q->phase >= TWO_PI)
 124              		.loc 1 24 5 is_stmt 1 view .LVU26
 125              		.loc 1 24 8 is_stmt 0 view .LVU27
 126 0010 9FED057A 		vldr.32	s14, .L11
 127 0014 F4EEC77A 		vcmpe.f32	s15, s14
 128 0018 F1EE10FA 		vmrs	APSR_nzcv, FPSCR
 129 001c 03DB     		blt	.L7
  25:Core/Src/dsp.c ****         q->phase -= TWO_PI;
 130              		.loc 1 25 9 is_stmt 1 view .LVU28
 131              		.loc 1 25 18 is_stmt 0 view .LVU29
 132 001e 77EEC77A 		vsub.f32	s15, s15, s14
 133 0022 C0ED007A 		vstr.32	s15, [r0]
 134              	.L7:
  26:Core/Src/dsp.c **** }
 135              		.loc 1 26 1 view .LVU30
 136 0026 7047     		bx	lr
 137              	.L12:
 138              		.align	2
 139              	.L11:
 140 0028 DB0FC940 		.word	1086918619
 141              		.cfi_endproc
 142              	.LFE176:
 144              		.section	.text.nco_get_iq,"ax",%progbits
 145              		.align	1
 146              		.global	nco_get_iq
 147              		.syntax unified
 148              		.thumb
 149              		.thumb_func
 151              	nco_get_iq:
 152              	.LVL5:
ARM GAS  /tmp/ccbN8AZz.s 			page 4


 153              	.LFB177:
  27:Core/Src/dsp.c **** 
  28:Core/Src/dsp.c **** void nco_get_iq(nco_t *q, float *I, float *Q)
  29:Core/Src/dsp.c **** {
 154              		.loc 1 29 1 is_stmt 1 view -0
 155              		.cfi_startproc
 156              		@ args = 0, pretend = 0, frame = 0
 157              		@ frame_needed = 0, uses_anonymous_args = 0
 158              		.loc 1 29 1 is_stmt 0 view .LVU32
 159 0000 70B5     		push	{r4, r5, r6, lr}
 160              	.LCFI0:
 161              		.cfi_def_cfa_offset 16
 162              		.cfi_offset 4, -16
 163              		.cfi_offset 5, -12
 164              		.cfi_offset 6, -8
 165              		.cfi_offset 14, -4
 166 0002 0446     		mov	r4, r0
 167 0004 0E46     		mov	r6, r1
 168 0006 1546     		mov	r5, r2
  30:Core/Src/dsp.c ****     *I = cosf(q->phase);
 169              		.loc 1 30 5 is_stmt 1 view .LVU33
 170              		.loc 1 30 10 is_stmt 0 view .LVU34
 171 0008 90ED000A 		vldr.32	s0, [r0]
 172 000c FFF7FEFF 		bl	cosf
 173              	.LVL6:
 174              		.loc 1 30 8 discriminator 1 view .LVU35
 175 0010 86ED000A 		vstr.32	s0, [r6]
  31:Core/Src/dsp.c ****     *Q = sinf(q->phase);
 176              		.loc 1 31 5 is_stmt 1 view .LVU36
 177              		.loc 1 31 10 is_stmt 0 view .LVU37
 178 0014 94ED000A 		vldr.32	s0, [r4]
 179 0018 FFF7FEFF 		bl	sinf
 180              	.LVL7:
 181              		.loc 1 31 8 discriminator 1 view .LVU38
 182 001c 85ED000A 		vstr.32	s0, [r5]
  32:Core/Src/dsp.c **** }
 183              		.loc 1 32 1 view .LVU39
 184 0020 70BD     		pop	{r4, r5, r6, pc}
 185              		.loc 1 32 1 view .LVU40
 186              		.cfi_endproc
 187              	.LFE177:
 189              		.section	.text.dc_block,"ax",%progbits
 190              		.align	1
 191              		.global	dc_block
 192              		.syntax unified
 193              		.thumb
 194              		.thumb_func
 196              	dc_block:
 197              	.LVL8:
 198              	.LFB178:
  33:Core/Src/dsp.c **** 
  34:Core/Src/dsp.c **** // -------------------- DC Block --------------------
  35:Core/Src/dsp.c **** float dc_block(float x, dc_block_t *st)
  36:Core/Src/dsp.c **** {
 199              		.loc 1 36 1 is_stmt 1 view -0
 200              		.cfi_startproc
 201              		@ args = 0, pretend = 0, frame = 0
ARM GAS  /tmp/ccbN8AZz.s 			page 5


 202              		@ frame_needed = 0, uses_anonymous_args = 0
 203              		@ link register save eliminated.
 204              		.loc 1 36 1 is_stmt 0 view .LVU42
 205 0000 B0EE407A 		vmov.f32	s14, s0
  37:Core/Src/dsp.c ****     const float a = 0.995f;
 206              		.loc 1 37 5 is_stmt 1 view .LVU43
 207              	.LVL9:
  38:Core/Src/dsp.c ****     float y = x - st->x_prev + a * st->y_prev;
 208              		.loc 1 38 5 view .LVU44
 209              		.loc 1 38 21 is_stmt 0 view .LVU45
 210 0004 D0ED017A 		vldr.32	s15, [r0, #4]
 211              		.loc 1 38 17 view .LVU46
 212 0008 70EE677A 		vsub.f32	s15, s0, s15
 213              		.loc 1 38 38 view .LVU47
 214 000c D0ED006A 		vldr.32	s13, [r0]
 215              		.loc 1 38 34 view .LVU48
 216 0010 9FED056A 		vldr.32	s12, .L16
 217 0014 66EE866A 		vmul.f32	s13, s13, s12
 218              		.loc 1 38 11 view .LVU49
 219 0018 37EEA60A 		vadd.f32	s0, s15, s13
 220              	.LVL10:
  39:Core/Src/dsp.c **** 
  40:Core/Src/dsp.c ****     st->x_prev = x;
 221              		.loc 1 40 5 is_stmt 1 view .LVU50
 222              		.loc 1 40 16 is_stmt 0 view .LVU51
 223 001c 80ED017A 		vstr.32	s14, [r0, #4]
  41:Core/Src/dsp.c ****     st->y_prev = y;
 224              		.loc 1 41 5 is_stmt 1 view .LVU52
 225              		.loc 1 41 16 is_stmt 0 view .LVU53
 226 0020 80ED000A 		vstr.32	s0, [r0]
  42:Core/Src/dsp.c **** 
  43:Core/Src/dsp.c ****     return y;
 227              		.loc 1 43 5 is_stmt 1 view .LVU54
  44:Core/Src/dsp.c **** }
 228              		.loc 1 44 1 is_stmt 0 view .LVU55
 229 0024 7047     		bx	lr
 230              	.L17:
 231 0026 00BF     		.align	2
 232              	.L16:
 233 0028 52B87E3F 		.word	1065269330
 234              		.cfi_endproc
 235              	.LFE178:
 237              		.section	.text.fm_deemph,"ax",%progbits
 238              		.align	1
 239              		.global	fm_deemph
 240              		.syntax unified
 241              		.thumb
 242              		.thumb_func
 244              	fm_deemph:
 245              	.LVL11:
 246              	.LFB179:
  45:Core/Src/dsp.c **** 
  46:Core/Src/dsp.c **** // -------------------- Deemphasis --------------------
  47:Core/Src/dsp.c **** float fm_deemph(float x, deemph_t *st)
  48:Core/Src/dsp.c **** {
 247              		.loc 1 48 1 is_stmt 1 view -0
 248              		.cfi_startproc
ARM GAS  /tmp/ccbN8AZz.s 			page 6


 249              		@ args = 0, pretend = 0, frame = 0
 250              		@ frame_needed = 0, uses_anonymous_args = 0
 251              		@ link register save eliminated.
  49:Core/Src/dsp.c ****     const float fs  = 48000.0f;
 252              		.loc 1 49 5 view .LVU57
  50:Core/Src/dsp.c ****     const float tau = 0.00050f;
 253              		.loc 1 50 5 view .LVU58
  51:Core/Src/dsp.c ****     const float a   = expf(-1.0f / (fs * tau));
 254              		.loc 1 51 5 view .LVU59
  52:Core/Src/dsp.c **** 
  53:Core/Src/dsp.c ****     float y = a * st->y_prev + (1.0f - a) * x;
 255              		.loc 1 53 5 view .LVU60
 256              		.loc 1 53 21 is_stmt 0 view .LVU61
 257 0000 D0ED007A 		vldr.32	s15, [r0]
 258              		.loc 1 53 17 view .LVU62
 259 0004 9FED067A 		vldr.32	s14, .L19
 260 0008 67EE877A 		vmul.f32	s15, s15, s14
 261              		.loc 1 53 43 view .LVU63
 262 000c 9FED057A 		vldr.32	s14, .L19+4
 263 0010 20EE070A 		vmul.f32	s0, s0, s14
 264              	.LVL12:
 265              		.loc 1 53 11 view .LVU64
 266 0014 37EE800A 		vadd.f32	s0, s15, s0
 267              	.LVL13:
  54:Core/Src/dsp.c ****     st->y_prev = y;
 268              		.loc 1 54 5 is_stmt 1 view .LVU65
 269              		.loc 1 54 16 is_stmt 0 view .LVU66
 270 0018 80ED000A 		vstr.32	s0, [r0]
  55:Core/Src/dsp.c **** 
  56:Core/Src/dsp.c ****     return y;
 271              		.loc 1 56 5 is_stmt 1 view .LVU67
  57:Core/Src/dsp.c **** }
 272              		.loc 1 57 1 is_stmt 0 view .LVU68
 273 001c 7047     		bx	lr
 274              	.L20:
 275 001e 00BF     		.align	2
 276              	.L19:
 277 0020 718D753F 		.word	1064668529
 278 0024 F028273D 		.word	1025976560
 279              		.cfi_endproc
 280              	.LFE179:
 282              		.section	.text.agc_process,"ax",%progbits
 283              		.align	1
 284              		.global	agc_process
 285              		.syntax unified
 286              		.thumb
 287              		.thumb_func
 289              	agc_process:
 290              	.LVL14:
 291              	.LFB180:
  58:Core/Src/dsp.c **** 
  59:Core/Src/dsp.c **** // -------------------- AGC --------------------
  60:Core/Src/dsp.c **** float agc_process(float x, agc_t *st)
  61:Core/Src/dsp.c **** {
 292              		.loc 1 61 1 is_stmt 1 view -0
 293              		.cfi_startproc
 294              		@ args = 0, pretend = 0, frame = 0
ARM GAS  /tmp/ccbN8AZz.s 			page 7


 295              		@ frame_needed = 0, uses_anonymous_args = 0
 296              		@ link register save eliminated.
  62:Core/Src/dsp.c ****     float absx = fabsf(x);
 297              		.loc 1 62 5 view .LVU70
 298              		.loc 1 62 11 is_stmt 0 view .LVU71
 299 0000 B0EEC07A 		vabs.f32	s14, s0
 300              	.LVL15:
  63:Core/Src/dsp.c **** 
  64:Core/Src/dsp.c ****     if (absx > 0.1f)
 301              		.loc 1 64 5 is_stmt 1 view .LVU72
 302              		.loc 1 64 8 is_stmt 0 view .LVU73
 303 0004 DFED197A 		vldr.32	s15, .L33
 304 0008 B4EEE77A 		vcmpe.f32	s14, s15
 305 000c F1EE10FA 		vmrs	APSR_nzcv, FPSCR
 306 0010 22DD     		ble	.L32
  65:Core/Src/dsp.c ****         st->gain *= 0.9995f;
 307              		.loc 1 65 9 is_stmt 1 view .LVU74
 308              		.loc 1 65 11 is_stmt 0 view .LVU75
 309 0012 D0ED007A 		vldr.32	s15, [r0]
 310              		.loc 1 65 18 view .LVU76
 311 0016 9FED167A 		vldr.32	s14, .L33+4
 312              	.LVL16:
 313              		.loc 1 65 18 view .LVU77
 314 001a 67EE877A 		vmul.f32	s15, s15, s14
 315 001e C0ED007A 		vstr.32	s15, [r0]
 316              	.L24:
  66:Core/Src/dsp.c ****     else
  67:Core/Src/dsp.c ****         st->gain *= 1.0005f;
  68:Core/Src/dsp.c **** 
  69:Core/Src/dsp.c ****     if (st->gain < 0.1f) st->gain = 0.1f;
 317              		.loc 1 69 5 is_stmt 1 view .LVU78
 318              		.loc 1 69 11 is_stmt 0 view .LVU79
 319 0022 90ED007A 		vldr.32	s14, [r0]
 320              		.loc 1 69 8 view .LVU80
 321 0026 DFED117A 		vldr.32	s15, .L33
 322 002a B4EEE77A 		vcmpe.f32	s14, s15
 323 002e F1EE10FA 		vmrs	APSR_nzcv, FPSCR
 324 0032 01D5     		bpl	.L25
 325              		.loc 1 69 26 is_stmt 1 discriminator 1 view .LVU81
 326              		.loc 1 69 35 is_stmt 0 discriminator 1 view .LVU82
 327 0034 C0ED007A 		vstr.32	s15, [r0]
 328              	.L25:
  70:Core/Src/dsp.c ****     if (st->gain > 10.0f) st->gain = 10.0f;
 329              		.loc 1 70 5 is_stmt 1 view .LVU83
 330              		.loc 1 70 11 is_stmt 0 view .LVU84
 331 0038 90ED007A 		vldr.32	s14, [r0]
 332              		.loc 1 70 8 view .LVU85
 333 003c F2EE047A 		vmov.f32	s15, #1.0e+1
 334 0040 B4EEE77A 		vcmpe.f32	s14, s15
 335 0044 F1EE10FA 		vmrs	APSR_nzcv, FPSCR
 336 0048 01DD     		ble	.L27
 337              		.loc 1 70 27 is_stmt 1 discriminator 1 view .LVU86
 338              		.loc 1 70 36 is_stmt 0 discriminator 1 view .LVU87
 339 004a C0ED007A 		vstr.32	s15, [r0]
 340              	.L27:
  71:Core/Src/dsp.c **** 
  72:Core/Src/dsp.c ****     return x * st->gain;
ARM GAS  /tmp/ccbN8AZz.s 			page 8


 341              		.loc 1 72 5 is_stmt 1 view .LVU88
 342              		.loc 1 72 18 is_stmt 0 view .LVU89
 343 004e D0ED007A 		vldr.32	s15, [r0]
  73:Core/Src/dsp.c **** }
 344              		.loc 1 73 1 view .LVU90
 345 0052 27EE800A 		vmul.f32	s0, s15, s0
 346              	.LVL17:
 347              		.loc 1 73 1 view .LVU91
 348 0056 7047     		bx	lr
 349              	.LVL18:
 350              	.L32:
  67:Core/Src/dsp.c **** 
 351              		.loc 1 67 9 is_stmt 1 view .LVU92
  67:Core/Src/dsp.c **** 
 352              		.loc 1 67 11 is_stmt 0 view .LVU93
 353 0058 D0ED007A 		vldr.32	s15, [r0]
  67:Core/Src/dsp.c **** 
 354              		.loc 1 67 18 view .LVU94
 355 005c 9FED057A 		vldr.32	s14, .L33+8
 356              	.LVL19:
  67:Core/Src/dsp.c **** 
 357              		.loc 1 67 18 view .LVU95
 358 0060 67EE877A 		vmul.f32	s15, s15, s14
 359 0064 C0ED007A 		vstr.32	s15, [r0]
 360 0068 DBE7     		b	.L24
 361              	.L34:
 362 006a 00BF     		.align	2
 363              	.L33:
 364 006c CDCCCC3D 		.word	1036831949
 365 0070 3BDF7F3F 		.word	1065344827
 366 0074 6210803F 		.word	1065357410
 367              		.cfi_endproc
 368              	.LFE180:
 370              		.section	.text.nbfm_demod,"ax",%progbits
 371              		.align	1
 372              		.global	nbfm_demod
 373              		.syntax unified
 374              		.thumb
 375              		.thumb_func
 377              	nbfm_demod:
 378              	.LVL20:
 379              	.LFB181:
  74:Core/Src/dsp.c **** 
  75:Core/Src/dsp.c **** // -------------------- FM Demod --------------------
  76:Core/Src/dsp.c **** void nbfm_demod(float *I_in, float *Q_in, float *audio_out, int n)
  77:Core/Src/dsp.c **** {
 380              		.loc 1 77 1 is_stmt 1 view -0
 381              		.cfi_startproc
 382              		@ args = 0, pretend = 0, frame = 0
 383              		@ frame_needed = 0, uses_anonymous_args = 0
 384              		.loc 1 77 1 is_stmt 0 view .LVU97
 385 0000 2DE9F84F 		push	{r3, r4, r5, r6, r7, r8, r9, r10, fp, lr}
 386              	.LCFI1:
 387              		.cfi_def_cfa_offset 40
 388              		.cfi_offset 3, -40
 389              		.cfi_offset 4, -36
 390              		.cfi_offset 5, -32
ARM GAS  /tmp/ccbN8AZz.s 			page 9


 391              		.cfi_offset 6, -28
 392              		.cfi_offset 7, -24
 393              		.cfi_offset 8, -20
 394              		.cfi_offset 9, -16
 395              		.cfi_offset 10, -12
 396              		.cfi_offset 11, -8
 397              		.cfi_offset 14, -4
 398 0004 2DED028B 		vpush.64	{d8}
 399              	.LCFI2:
 400              		.cfi_def_cfa_offset 48
 401              		.cfi_offset 80, -48
 402              		.cfi_offset 81, -44
 403 0008 8246     		mov	r10, r0
 404 000a 8946     		mov	r9, r1
 405 000c 9046     		mov	r8, r2
 406 000e 1F46     		mov	r7, r3
  78:Core/Src/dsp.c ****     static float prev_I = 0.0f;
 407              		.loc 1 78 5 is_stmt 1 view .LVU98
  79:Core/Src/dsp.c ****     static float prev_Q = 0.0f;
 408              		.loc 1 79 5 view .LVU99
  80:Core/Src/dsp.c **** 
  81:Core/Src/dsp.c ****     static dc_block_t dc_fm = {0};
 409              		.loc 1 81 5 view .LVU100
  82:Core/Src/dsp.c ****     static deemph_t   deemph_fm = {0};
 410              		.loc 1 82 5 view .LVU101
  83:Core/Src/dsp.c ****     static agc_t      agc_fm = {1.0f};
 411              		.loc 1 83 5 view .LVU102
  84:Core/Src/dsp.c **** 
  85:Core/Src/dsp.c ****     for (int i = 0; i < n; i++)
 412              		.loc 1 85 5 view .LVU103
 413              	.LBB2:
 414              		.loc 1 85 10 view .LVU104
 415              	.LVL21:
 416              		.loc 1 85 14 is_stmt 0 view .LVU105
 417 0010 0024     		movs	r4, #0
 418              		.loc 1 85 5 view .LVU106
 419 0012 2EE0     		b	.L36
 420              	.LVL22:
 421              	.L37:
 422              	.LBB3:
  86:Core/Src/dsp.c ****     {
  87:Core/Src/dsp.c ****         float I = I_in[i];
 423              		.loc 1 87 9 is_stmt 1 view .LVU107
 424              		.loc 1 87 23 is_stmt 0 view .LVU108
 425 0014 A500     		lsls	r5, r4, #2
 426 0016 0AEB8403 		add	r3, r10, r4, lsl #2
 427              		.loc 1 87 15 view .LVU109
 428 001a D3ED008A 		vldr.32	s17, [r3]
 429              	.LVL23:
  88:Core/Src/dsp.c ****         float Q = Q_in[i];
 430              		.loc 1 88 9 is_stmt 1 view .LVU110
 431              		.loc 1 88 23 is_stmt 0 view .LVU111
 432 001e 09EB8403 		add	r3, r9, r4, lsl #2
 433              		.loc 1 88 15 view .LVU112
 434 0022 93ED008A 		vldr.32	s16, [r3]
 435              	.LVL24:
  89:Core/Src/dsp.c **** 
ARM GAS  /tmp/ccbN8AZz.s 			page 10


  90:Core/Src/dsp.c ****         float re = I * prev_I + Q * prev_Q;
 436              		.loc 1 90 9 is_stmt 1 view .LVU113
 437              		.loc 1 90 22 is_stmt 0 view .LVU114
 438 0026 DFF868B0 		ldr	fp, .L39+16
 439 002a DBED007A 		vldr.32	s15, [fp]
 440 002e 67EEA80A 		vmul.f32	s1, s15, s17
 441              		.loc 1 90 35 view .LVU115
 442 0032 134E     		ldr	r6, .L39
 443 0034 96ED000A 		vldr.32	s0, [r6]
 444 0038 20EE087A 		vmul.f32	s14, s0, s16
 445              	.LVL25:
  91:Core/Src/dsp.c ****         float im = I * prev_Q - Q * prev_I;
 446              		.loc 1 91 9 is_stmt 1 view .LVU116
 447              		.loc 1 91 22 is_stmt 0 view .LVU117
 448 003c 20EE280A 		vmul.f32	s0, s0, s17
 449              		.loc 1 91 35 view .LVU118
 450 0040 67EE887A 		vmul.f32	s15, s15, s16
 451              	.LVL26:
  92:Core/Src/dsp.c **** 
  93:Core/Src/dsp.c ****         float dphi = atan2f(im, re);
 452              		.loc 1 93 9 is_stmt 1 view .LVU119
 453              		.loc 1 93 22 is_stmt 0 view .LVU120
 454 0044 70EE870A 		vadd.f32	s1, s1, s14
 455              	.LVL27:
 456              		.loc 1 93 22 view .LVU121
 457 0048 30EE670A 		vsub.f32	s0, s0, s15
 458              	.LVL28:
 459              		.loc 1 93 22 view .LVU122
 460 004c FFF7FEFF 		bl	atan2f
 461              	.LVL29:
  94:Core/Src/dsp.c **** 
  95:Core/Src/dsp.c ****         prev_I = I;
 462              		.loc 1 95 9 is_stmt 1 view .LVU123
 463              		.loc 1 95 16 is_stmt 0 view .LVU124
 464 0050 CBED008A 		vstr.32	s17, [fp]
  96:Core/Src/dsp.c ****         prev_Q = Q;
 465              		.loc 1 96 9 is_stmt 1 view .LVU125
 466              		.loc 1 96 16 is_stmt 0 view .LVU126
 467 0054 86ED008A 		vstr.32	s16, [r6]
  97:Core/Src/dsp.c **** 
  98:Core/Src/dsp.c ****         float dc_removed = dc_block(dphi, &dc_fm);
 468              		.loc 1 98 9 is_stmt 1 view .LVU127
 469              		.loc 1 98 28 is_stmt 0 view .LVU128
 470 0058 0A48     		ldr	r0, .L39+4
 471 005a FFF7FEFF 		bl	dc_block
 472              	.LVL30:
  99:Core/Src/dsp.c ****         float deemph_out = fm_deemph(dc_removed, &deemph_fm);
 473              		.loc 1 99 9 is_stmt 1 view .LVU129
 474              		.loc 1 99 28 is_stmt 0 view .LVU130
 475 005e 0A48     		ldr	r0, .L39+8
 476 0060 FFF7FEFF 		bl	fm_deemph
 477              	.LVL31:
 100:Core/Src/dsp.c ****         float agc_out    = agc_process(deemph_out, &agc_fm);
 478              		.loc 1 100 9 is_stmt 1 view .LVU131
 479              		.loc 1 100 28 is_stmt 0 view .LVU132
 480 0064 0948     		ldr	r0, .L39+12
 481 0066 FFF7FEFF 		bl	agc_process
ARM GAS  /tmp/ccbN8AZz.s 			page 11


 482              	.LVL32:
 101:Core/Src/dsp.c **** 
 102:Core/Src/dsp.c ****         audio_out[i] = agc_out; // Skalering for å unngå clipping
 483              		.loc 1 102 9 is_stmt 1 view .LVU133
 484              		.loc 1 102 18 is_stmt 0 view .LVU134
 485 006a 4544     		add	r5, r5, r8
 486              		.loc 1 102 22 view .LVU135
 487 006c 85ED000A 		vstr.32	s0, [r5]
 488              	.LBE3:
  85:Core/Src/dsp.c ****     {
 489              		.loc 1 85 29 is_stmt 1 discriminator 3 view .LVU136
 490 0070 0134     		adds	r4, r4, #1
 491              	.LVL33:
 492              	.L36:
  85:Core/Src/dsp.c ****     {
 493              		.loc 1 85 23 discriminator 1 view .LVU137
 494 0072 BC42     		cmp	r4, r7
 495 0074 CEDB     		blt	.L37
 496              	.LBE2:
 103:Core/Src/dsp.c ****     }
 104:Core/Src/dsp.c **** }
 497              		.loc 1 104 1 is_stmt 0 view .LVU138
 498 0076 BDEC028B 		vldm	sp!, {d8}
 499              	.LCFI3:
 500              		.cfi_restore 80
 501              		.cfi_restore 81
 502              		.cfi_def_cfa_offset 40
 503 007a BDE8F88F 		pop	{r3, r4, r5, r6, r7, r8, r9, r10, fp, pc}
 504              	.LVL34:
 505              	.L40:
 506              		.loc 1 104 1 view .LVU139
 507 007e 00BF     		.align	2
 508              	.L39:
 509 0080 00000000 		.word	prev_Q.3
 510 0084 00000000 		.word	dc_fm.2
 511 0088 00000000 		.word	deemph_fm.1
 512 008c 00000000 		.word	agc_fm.0
 513 0090 00000000 		.word	prev_I.4
 514              		.cfi_endproc
 515              	.LFE181:
 517              		.section	.data.agc_fm.0,"aw"
 518              		.align	2
 521              	agc_fm.0:
 522 0000 0000803F 		.word	1065353216
 523              		.section	.bss.deemph_fm.1,"aw",%nobits
 524              		.align	2
 527              	deemph_fm.1:
 528 0000 00000000 		.space	4
 529              		.section	.bss.dc_fm.2,"aw",%nobits
 530              		.align	2
 533              	dc_fm.2:
 534 0000 00000000 		.space	8
 534      00000000 
 535              		.section	.bss.prev_Q.3,"aw",%nobits
 536              		.align	2
 539              	prev_Q.3:
 540 0000 00000000 		.space	4
ARM GAS  /tmp/ccbN8AZz.s 			page 12


 541              		.section	.bss.prev_I.4,"aw",%nobits
 542              		.align	2
 545              	prev_I.4:
 546 0000 00000000 		.space	4
 547              		.text
 548              	.Letext0:
 549              		.file 2 "Core/Inc/dsp.h"
 550              		.file 3 "/usr/include/newlib/math.h"
ARM GAS  /tmp/ccbN8AZz.s 			page 13


DEFINED SYMBOLS
                            *ABS*:00000000 dsp.c
     /tmp/ccbN8AZz.s:21     .text.nco_init:00000000 $t
     /tmp/ccbN8AZz.s:27     .text.nco_init:00000000 nco_init
     /tmp/ccbN8AZz.s:59     .text.nco_init:00000020 $d
     /tmp/ccbN8AZz.s:64     .text.nco_set_freq:00000000 $t
     /tmp/ccbN8AZz.s:70     .text.nco_set_freq:00000000 nco_set_freq
     /tmp/ccbN8AZz.s:97     .text.nco_set_freq:0000001c $d
     /tmp/ccbN8AZz.s:102    .text.nco_step:00000000 $t
     /tmp/ccbN8AZz.s:108    .text.nco_step:00000000 nco_step
     /tmp/ccbN8AZz.s:140    .text.nco_step:00000028 $d
     /tmp/ccbN8AZz.s:145    .text.nco_get_iq:00000000 $t
     /tmp/ccbN8AZz.s:151    .text.nco_get_iq:00000000 nco_get_iq
     /tmp/ccbN8AZz.s:190    .text.dc_block:00000000 $t
     /tmp/ccbN8AZz.s:196    .text.dc_block:00000000 dc_block
     /tmp/ccbN8AZz.s:233    .text.dc_block:00000028 $d
     /tmp/ccbN8AZz.s:238    .text.fm_deemph:00000000 $t
     /tmp/ccbN8AZz.s:244    .text.fm_deemph:00000000 fm_deemph
     /tmp/ccbN8AZz.s:277    .text.fm_deemph:00000020 $d
     /tmp/ccbN8AZz.s:283    .text.agc_process:00000000 $t
     /tmp/ccbN8AZz.s:289    .text.agc_process:00000000 agc_process
     /tmp/ccbN8AZz.s:364    .text.agc_process:0000006c $d
     /tmp/ccbN8AZz.s:371    .text.nbfm_demod:00000000 $t
     /tmp/ccbN8AZz.s:377    .text.nbfm_demod:00000000 nbfm_demod
     /tmp/ccbN8AZz.s:509    .text.nbfm_demod:00000080 $d
     /tmp/ccbN8AZz.s:539    .bss.prev_Q.3:00000000 prev_Q.3
     /tmp/ccbN8AZz.s:533    .bss.dc_fm.2:00000000 dc_fm.2
     /tmp/ccbN8AZz.s:527    .bss.deemph_fm.1:00000000 deemph_fm.1
     /tmp/ccbN8AZz.s:521    .data.agc_fm.0:00000000 agc_fm.0
     /tmp/ccbN8AZz.s:545    .bss.prev_I.4:00000000 prev_I.4
     /tmp/ccbN8AZz.s:518    .data.agc_fm.0:00000000 $d
     /tmp/ccbN8AZz.s:524    .bss.deemph_fm.1:00000000 $d
     /tmp/ccbN8AZz.s:530    .bss.dc_fm.2:00000000 $d
     /tmp/ccbN8AZz.s:536    .bss.prev_Q.3:00000000 $d
     /tmp/ccbN8AZz.s:542    .bss.prev_I.4:00000000 $d

UNDEFINED SYMBOLS
cosf
sinf
atan2f
