Archive member included to satisfy reference by file (symbol)

/usr/lib/gcc/arm-none-eabi/13.2.1/../../../arm-none-eabi/lib/thumb/v7e-m+fp/hard/libc_nano.a(libc_a-init.o)
                              /usr/lib/gcc/arm-none-eabi/13.2.1/../../../arm-none-eabi/lib/thumb/v7e-m+fp/hard/crt0.o (__libc_init_array)
/usr/lib/gcc/arm-none-eabi/13.2.1/../../../arm-none-eabi/lib/thumb/v7e-m+fp/hard/libc_nano.a(libc_a-memset.o)
                              /usr/lib/gcc/arm-none-eabi/13.2.1/../../../arm-none-eabi/lib/thumb/v7e-m+fp/hard/crt0.o (memset)
/usr/lib/gcc/arm-none-eabi/13.2.1/../../../arm-none-eabi/lib/thumb/v7e-m+fp/hard/libc_nano.a(libc_a-errno.o)
                              build/sysmem.o (__errno)
/usr/lib/gcc/arm-none-eabi/13.2.1/../../../arm-none-eabi/lib/thumb/v7e-m+fp/hard/libc_nano.a(libc_a-exit.o)
                              /usr/lib/gcc/arm-none-eabi/13.2.1/../../../arm-none-eabi/lib/thumb/v7e-m+fp/hard/crt0.o (exit)
/usr/lib/gcc/arm-none-eabi/13.2.1/../../../arm-none-eabi/lib/thumb/v7e-m+fp/hard/libc_nano.a(libc_a-atexit.o)
                              /usr/lib/gcc/arm-none-eabi/13.2.1/../../../arm-none-eabi/lib/thumb/v7e-m+fp/hard/crt0.o (atexit)
/usr/lib/gcc/arm-none-eabi/13.2.1/../../../arm-none-eabi/lib/thumb/v7e-m+fp/hard/libc_nano.a(libc_a-fini.o)
                              /usr/lib/gcc/arm-none-eabi/13.2.1/../../../arm-none-eabi/lib/thumb/v7e-m+fp/hard/crt0.o (__libc_fini_array)
/usr/lib/gcc/arm-none-eabi/13.2.1/../../../arm-none-eabi/lib/thumb/v7e-m+fp/hard/libc_nano.a(libc_a-impure.o)
                              /usr/lib/gcc/arm-none-eabi/13.2.1/../../../arm-none-eabi/lib/thumb/v7e-m+fp/hard/libc_nano.a(libc_a-errno.o) (_impure_ptr)
/usr/lib/gcc/arm-none-eabi/13.2.1/../../../arm-none-eabi/lib/thumb/v7e-m+fp/hard/libc_nano.a(libc_a-findfp.o)
                              /usr/lib/gcc/arm-none-eabi/13.2.1/../../../arm-none-eabi/lib/thumb/v7e-m+fp/hard/libc_nano.a(libc_a-exit.o) (__stdio_exit_handler)
/usr/lib/gcc/arm-none-eabi/13.2.1/../../../arm-none-eabi/lib/thumb/v7e-m+fp/hard/libc_nano.a(libc_a-fflush.o)
                              /usr/lib/gcc/arm-none-eabi/13.2.1/../../../arm-none-eabi/lib/thumb/v7e-m+fp/hard/libc_nano.a(libc_a-findfp.o) (_fflush_r)
/usr/lib/gcc/arm-none-eabi/13.2.1/../../../arm-none-eabi/lib/thumb/v7e-m+fp/hard/libc_nano.a(libc_a-mallocr.o)
                              /usr/lib/gcc/arm-none-eabi/13.2.1/../../../arm-none-eabi/lib/thumb/v7e-m+fp/hard/libc_nano.a(libc_a-findfp.o) (_malloc_r)
/usr/lib/gcc/arm-none-eabi/13.2.1/../../../arm-none-eabi/lib/thumb/v7e-m+fp/hard/libc_nano.a(libc_a-freer.o)
                              /usr/lib/gcc/arm-none-eabi/13.2.1/../../../arm-none-eabi/lib/thumb/v7e-m+fp/hard/libc_nano.a(libc_a-fflush.o) (_free_r)
/usr/lib/gcc/arm-none-eabi/13.2.1/../../../arm-none-eabi/lib/thumb/v7e-m+fp/hard/libc_nano.a(libc_a-fwalk.o)
                              /usr/lib/gcc/arm-none-eabi/13.2.1/../../../arm-none-eabi/lib/thumb/v7e-m+fp/hard/libc_nano.a(libc_a-findfp.o) (_fwalk_sglue)
/usr/lib/gcc/arm-none-eabi/13.2.1/../../../arm-none-eabi/lib/thumb/v7e-m+fp/hard/libc_nano.a(libc_a-__atexit.o)
                              /usr/lib/gcc/arm-none-eabi/13.2.1/../../../arm-none-eabi/lib/thumb/v7e-m+fp/hard/libc_nano.a(libc_a-atexit.o) (__register_exitproc)
/usr/lib/gcc/arm-none-eabi/13.2.1/../../../arm-none-eabi/lib/thumb/v7e-m+fp/hard/libc_nano.a(libc_a-mlock.o)
                              /usr/lib/gcc/arm-none-eabi/13.2.1/../../../arm-none-eabi/lib/thumb/v7e-m+fp/hard/libc_nano.a(libc_a-mallocr.o) (__malloc_lock)
/usr/lib/gcc/arm-none-eabi/13.2.1/../../../arm-none-eabi/lib/thumb/v7e-m+fp/hard/libc_nano.a(libc_a-sbrkr.o)
                              /usr/lib/gcc/arm-none-eabi/13.2.1/../../../arm-none-eabi/lib/thumb/v7e-m+fp/hard/libc_nano.a(libc_a-mallocr.o) (_sbrk_r)
/usr/lib/gcc/arm-none-eabi/13.2.1/../../../arm-none-eabi/lib/thumb/v7e-m+fp/hard/libc_nano.a(libc_a-stdio.o)
                              /usr/lib/gcc/arm-none-eabi/13.2.1/../../../arm-none-eabi/lib/thumb/v7e-m+fp/hard/libc_nano.a(libc_a-findfp.o) (__sread)
/usr/lib/gcc/arm-none-eabi/13.2.1/../../../arm-none-eabi/lib/thumb/v7e-m+fp/hard/libc_nano.a(libc_a-closer.o)
                              /usr/lib/gcc/arm-none-eabi/13.2.1/../../../arm-none-eabi/lib/thumb/v7e-m+fp/hard/libc_nano.a(libc_a-stdio.o) (_close_r)
/usr/lib/gcc/arm-none-eabi/13.2.1/../../../arm-none-eabi/lib/thumb/v7e-m+fp/hard/libc_nano.a(libc_a-__call_atexit.o)
                              /usr/lib/gcc/arm-none-eabi/13.2.1/../../../arm-none-eabi/lib/thumb/v7e-m+fp/hard/libc_nano.a(libc_a-__atexit.o) (__call_exitprocs)
/usr/lib/gcc/arm-none-eabi/13.2.1/../../../arm-none-eabi/lib/thumb/v7e-m+fp/hard/libc_nano.a(libc_a-readr.o)
                              /usr/lib/gcc/arm-none-eabi/13.2.1/../../../arm-none-eabi/lib/thumb/v7e-m+fp/hard/libc_nano.a(libc_a-stdio.o) (_read_r)
/usr/lib/gcc/arm-none-eabi/13.2.1/../../../arm-none-eabi/lib/thumb/v7e-m+fp/hard/libc_nano.a(libc_a-reent.o)
[...]
Memory Configuration

Name             Origin             Length             Attributes
RAM              0x20000000         0x00050000         xrw
FLASH            0x08000000         0x00100000         xr
*default*        0x00000000         0xffffffff

Linker script and memory map

LOAD /usr/lib/gcc/arm-none-eabi/13.2.1/thumb/v7e-m+fp/hard/crti.o
LOAD /usr/lib/gcc/arm-none-eabi/13.2.1/thumb/v7e-m+fp/hard/crtbegin.o
LOAD /usr/lib/gcc/arm-none-eabi/13.2.1/../../../arm-none-eabi/lib/thumb/v7e-m+fp/hard/crt0.o
LOAD build/main.o
LOAD build/stm32f7xx_it.o
LOAD build/stm32f7xx_hal_msp.o
LOAD build/stm32f7xx_hal_adc.o
LOAD build/stm32f7xx_hal_adc_ex.o
LOAD build/stm32f7xx_hal_rcc.o
LOAD build/stm32f7xx_hal_rcc_ex.o
LOAD build/stm32f7xx_hal_flash.o
LOAD build/stm32f7xx_hal_flash_ex.o
LOAD build/stm32f7xx_hal_gpio.o
LOAD build/stm32f7xx_hal_dma.o
LOAD build/stm32f7xx_hal_dma_ex.o
LOAD build/stm32f7xx_hal_pwr.o
LOAD build/stm32f7xx_hal_pwr_ex.o
LOAD build/stm32f7xx_hal_cortex.o
LOAD build/stm32f7xx_hal.o
LOAD build/stm32f7xx_hal_i2c.o
LOAD build/stm32f7xx_hal_i2c_ex.o
LOAD build/stm32f7xx_hal_exti.o
LOAD build/stm32f7xx_hal_dac.o
LOAD build/stm32f7xx_hal_dac_ex.o
LOAD build/stm32f7xx_hal_eth.o
LOAD build/stm32f7xx_hal_tim.o
LOAD build/stm32f7xx_hal_tim_ex.o
LOAD build/stm32f7xx_hal_uart.o
LOAD build/stm32f7xx_hal_uart_ex.o
LOAD build/stm32f7xx_hal_pcd.o
LOAD build/stm32f7xx_hal_pcd_ex.o
LOAD build/stm32f7xx_ll_usb.o
LOAD build/system_stm32f7xx.o
LOAD build/sysmem.o
LOAD build/syscalls.o
LOAD build/dsp.o
LOAD build/startup_stm32f746xx.o
LOAD /usr/lib/gcc/arm-none-eabi/13.2.1/../../../arm-none-eabi/lib/thumb/v7e-m+fp/hard/libc_nano.a
LOAD /usr/lib/gcc/arm-none-eabi/13.2.1/../../../arm-none-eabi/lib/thumb/v7e-m+fp/hard/libm.a
LOAD /usr/lib/gcc/arm-none-eabi/13.2.1/../../../arm-none-eabi/lib/thumb/v7e-m+fp/hard/libnosys.a
LOAD Drivers/CMSIS/Lib/GCC/libarm_cortexM7lfsp_math.a
START GROUP
LOAD /usr/lib/gcc/arm-none-eabi/13.2.1/thumb/v7e-m+fp/hard/libgcc.a
LOAD /usr/lib/gcc/arm-none-eabi/13.2.1/../../../arm-none-eabi/lib/thumb/v7e-m+fp/hard/libc_nano.a
END GROUP
START GROUP
LOAD /usr/lib/gcc/arm-none-eabi/13.2.1/thumb/v7e-m+fp/hard/libgcc.a
LOAD /usr/lib/gcc/arm-none-eabi/13.2.1/../../../arm-none-eabi/lib/thumb/v7e-m+fp/hard/libc_nano.a
END GROUP
LOAD /usr/lib/gcc/arm-none-eabi/13.2.1/thumb/v7e-m+fp/hard/crtend.o
LOAD /usr/lib/gcc/arm-none-eabi/13.2.1/thumb/v7e-m+fp/hard/crtn.o
                0x20050000                        _estack = (ORIGIN (RAM) + LENGTH (RAM))
                0x2004fc00                        _sstack = (_estack - _Min_Stack_Size)
                0x00000200                        _Min_Heap_Size = 0x200
                0x00000400                        _Min_Stack_Size = 0x400

.isr_vector     0x08000000      0x1c8
                0x08000000                        . = ALIGN (0x4)
 *(.isr_vector)
 .isr_vector    0x08000000      0x1c8 build/startup_stm32f746xx.o
                0x08000000                g_pfnVectors
                0x080001c8                        . = ALIGN (0x4)

.text           0x080001c8     0x5698
                0x080001c8                        . = ALIGN (0x4)
 *(.text)
 .text          0x080001c8       0x88 /usr/lib/gcc/arm-none-eabi/13.2.1/thumb/v7e-m+fp/hard/crtbegin.o
 .text          0x08000250       0x50 /usr/lib/gcc/arm-none-eabi/13.2.1/../../../arm-none-eabi/lib/thumb/v7e-m+fp/hard/libc_nano.a(libc_a-init.o)
                0x08000250                __libc_init_array
 .text          0x080002a0       0xa4 /usr/lib/gcc/arm-none-eabi/13.2.1/../../../arm-none-eabi/lib/thumb/v7e-m+fp/hard/libc_nano.a(libc_a-memset.o)
                0x080002a0                memset
 .text          0x08000344       0x70 /usr/lib/gcc/arm-none-eabi/13.2.1/../../../arm-none-eabi/lib/thumb/v7e-m+fp/hard/libm.a(libm_a-sf_cos.o)
                0x08000344                cosf
 .text          0x080003b4      0x104 /usr/lib/gcc/arm-none-eabi/13.2.1/../../../arm-none-eabi/lib/thumb/v7e-m+fp/hard/libm.a(libm_a-kf_cos.o)
                0x080003b4                __kernel_cosf
 .text          0x080004b8       0x90 /usr/lib/gcc/arm-none-eabi/13.2.1/../../../arm-none-eabi/lib/thumb/v7e-m+fp/hard/libm.a(libm_a-kf_sin.o)
                0x080004b8                __kernel_sinf
 .text          0x08000548      0x260 /usr/lib/gcc/arm-none-eabi/13.2.1/../../../arm-none-eabi/lib/thumb/v7e-m+fp/hard/libm.a(libm_a-ef_rem_pio2.o)
                0x08000548                __ieee754_rem_pio2f
 .text          0x080007a8       0x10 /usr/lib/gcc/arm-none-eabi/13.2.1/../../../arm-none-eabi/lib/thumb/v7e-m+fp/hard/libm.a(libm_a-sf_fabs.o)
                0x080007a8                fabsf
 .text          0x080007b8      0x63c /usr/lib/gcc/arm-none-eabi/13.2.1/../../../arm-none-eabi/lib/thumb/v7e-m+fp/hard/libm.a(libm_a-kf_rem_pio2.o)
                0x080007b8                __kernel_rem_pio2f
 .text          0x08000df4       0xe4 /usr/lib/gcc/arm-none-eabi/13.2.1/../../../arm-none-eabi/lib/thumb/v7e-m+fp/hard/libm.a(libm_a-sf_scalbn.o)
                0x08000df4                scalbnf
 .text          0x08000ed8       0x94 /usr/lib/gcc/arm-none-eabi/13.2.1/../../../arm-none-eabi/lib/thumb/v7e-m+fp/hard/libm.a(libm_a-sf_floor.o)
                0x08000ed8                floorf
 .text          0x08000f6c      0x378 /usr/lib/gcc/arm-none-eabi/13.2.1/thumb/v7e-m+fp/hard/libgcc.a(_arm_addsubdf3.o)
                0x08000f6c                __aeabi_drsub
                0x08000f74                __aeabi_dsub
                0x08000f74                __subdf3
                0x08000f78                __adddf3
                0x08000f78                __aeabi_dadd
                0x080011f0                __aeabi_ui2d
                0x080011f0                __floatunsidf
                0x08001210                __floatsidf
                0x08001210                __aeabi_i2d
                0x08001234                __extendsfdf2
                0x08001234                __aeabi_f2d
                0x08001278                __aeabi_ul2d
                0x08001278                __floatundidf
                0x08001288                __floatdidf
                0x08001288                __aeabi_l2d
 .text          0x080012e4      0x110 /usr/lib/gcc/arm-none-eabi/13.2.1/thumb/v7e-m+fp/hard/libgcc.a(_arm_cmpdf2.o)
                0x080012e4                __gtdf2
                0x080012e4                __gedf2
                0x080012ec                __ltdf2
                0x080012ec                __ledf2
                0x080012f4                __cmpdf2
                0x080012f4                __eqdf2
                0x080012f4                __nedf2
                0x08001370                __aeabi_cdrcmple
                0x08001380                __aeabi_cdcmple
                0x08001380                __aeabi_cdcmpeq
                0x08001390                __aeabi_dcmpeq
                0x080013a4                __aeabi_dcmplt
                0x080013b8                __aeabi_dcmple
                0x080013cc                __aeabi_dcmpge
                0x080013e0                __aeabi_dcmpgt
 .text          0x080013f4       0x30 /usr/lib/gcc/arm-none-eabi/13.2.1/thumb/v7e-m+fp/hard/libgcc.a(_aeabi_uldivmod.o)
                0x080013f4                __aeabi_uldivmod
 .text          0x08001424      0x2bc /usr/lib/gcc/arm-none-eabi/13.2.1/thumb/v7e-m+fp/hard/libgcc.a(_udivmoddi4.o)
                0x08001424                __udivmoddi4
 .text          0x080016e0        0x4 /usr/lib/gcc/arm-none-eabi/13.2.1/thumb/v7e-m+fp/hard/libgcc.a(_dvmd_tls.o)
                0x080016e0                __aeabi_ldiv0
                0x080016e0                __aeabi_idiv0
 *(.text*)
 .text.MPU_Config
                0x080016e4       0x52 build/main.o
 *fill*         0x08001736        0x2 
 .text.MX_GPIO_Init
                0x08001738       0xfc build/main.o
 .text.MX_DMA_Init
                0x08001834       0x54 build/main.o
 .text.HAL_ADC_ConvHalfCpltCallback
                0x08001888        0xc build/main.o
                0x08001888                HAL_ADC_ConvHalfCpltCallback
 .text.HAL_ADC_ConvCpltCallback
                0x08001894        0xc build/main.o
                0x08001894                HAL_ADC_ConvCpltCallback
 .text.HAL_DAC_ConvHalfCpltCallbackCh1
                0x080018a0        0xc build/main.o
                0x080018a0                HAL_DAC_ConvHalfCpltCallbackCh1
 .text.HAL_DAC_ConvCpltCallbackCh1
                0x080018ac        0xc build/main.o
                0x080018ac                HAL_DAC_ConvCpltCallbackCh1
 .text.nbfm_tx_process_block
                0x080018b8      0x134 build/main.o
                0x080018b8                nbfm_tx_process_block
 .text.nbfm_init
                0x080019ec       0x64 build/main.o
                0x080019ec                nbfm_init
 .text.Error_Handler
                0x08001a50        0x4 build/main.o
                0x08001a50                Error_Handler
 .text.MX_ETH_Init
                0x08001a54       0x6c build/main.o
 .text.MX_I2C1_Init
                0x08001ac0       0x54 build/main.o
 .text.MX_USART3_UART_Init
                0x08001b14       0x38 build/main.o
 .text.MX_USB_OTG_FS_PCD_Init
                0x08001b4c       0x34 build/main.o
 .text.MX_DAC_Init
                0x08001b80       0x40 build/main.o
 .text.MX_TIM6_Init
                0x08001bc0       0x4c build/main.o
 .text.MX_ADC1_Init
                0x08001c0c       0x70 build/main.o
 .text.SystemClock_Config
                0x08001c7c       0xb4 build/main.o
                0x08001c7c                SystemClock_Config
 .text.main     0x08001d30       0xe4 build/main.o
                0x08001d30                main
 .text.NMI_Handler
                0x08001e14        0x2 build/stm32f7xx_it.o
                0x08001e14                NMI_Handler
 .text.HardFault_Handler
                0x08001e16        0x2 build/stm32f7xx_it.o
                0x08001e16                HardFault_Handler
 .text.MemManage_Handler
                0x08001e18        0x2 build/stm32f7xx_it.o
                0x08001e18                MemManage_Handler
 .text.BusFault_Handler
                0x08001e1a        0x2 build/stm32f7xx_it.o
                0x08001e1a                BusFault_Handler
 .text.UsageFault_Handler
                0x08001e1c        0x2 build/stm32f7xx_it.o
                0x08001e1c                UsageFault_Handler
 .text.SVC_Handler
                0x08001e1e        0x2 build/stm32f7xx_it.o
                0x08001e1e                SVC_Handler
 .text.DebugMon_Handler
                0x08001e20        0x2 build/stm32f7xx_it.o
                0x08001e20                DebugMon_Handler
 .text.PendSV_Handler
                0x08001e22        0x2 build/stm32f7xx_it.o
                0x08001e22                PendSV_Handler
 .text.SysTick_Handler
                0x08001e24        0x8 build/stm32f7xx_it.o
                0x08001e24                SysTick_Handler
 .text.DMA1_Stream5_IRQHandler
                0x08001e2c       0x10 build/stm32f7xx_it.o
                0x08001e2c                DMA1_Stream5_IRQHandler
 .text.DMA2_Stream0_IRQHandler
                0x08001e3c       0x10 build/stm32f7xx_it.o
                0x08001e3c                DMA2_Stream0_IRQHandler
 .text.HAL_MspInit
                0x08001e4c       0x30 build/stm32f7xx_hal_msp.o
                0x08001e4c                HAL_MspInit
 .text.HAL_ADC_MspInit
                0x08001e7c       0xac build/stm32f7xx_hal_msp.o
                0x08001e7c                HAL_ADC_MspInit
 .text.HAL_DAC_MspInit
                0x08001f28       0xb0 build/stm32f7xx_hal_msp.o
                0x08001f28                HAL_DAC_MspInit
 .text.HAL_ETH_MspInit
                0x08001fd8      0x10c build/stm32f7xx_hal_msp.o
                0x08001fd8                HAL_ETH_MspInit
 .text.HAL_I2C_MspInit
                0x080020e4       0x8c build/stm32f7xx_hal_msp.o
                0x080020e4                HAL_I2C_MspInit
 .text.HAL_TIM_Base_MspInit
                0x08002170       0x2c build/stm32f7xx_hal_msp.o
                0x08002170                HAL_TIM_Base_MspInit
 .text.HAL_UART_MspInit
                0x0800219c       0x8c build/stm32f7xx_hal_msp.o
                0x0800219c                HAL_UART_MspInit
 .text.HAL_PCD_MspInit
                0x08002228       0xc8 build/stm32f7xx_hal_msp.o
                0x08002228                HAL_PCD_MspInit
 .text.ADC_Init
                0x080022f0      0x134 build/stm32f7xx_hal_adc.o
 .text.HAL_ADC_Init
                0x08002424       0x58 build/stm32f7xx_hal_adc.o
                0x08002424                HAL_ADC_Init
 .text.HAL_ADC_Start_DMA
                0x0800247c      0x16c build/stm32f7xx_hal_adc.o
                0x0800247c                HAL_ADC_Start_DMA
 .text.ADC_DMAHalfConvCplt
                0x080025e8        0xa build/stm32f7xx_hal_adc.o
 .text.HAL_ADC_ErrorCallback
                0x080025f2        0x2 build/stm32f7xx_hal_adc.o
                0x080025f2                HAL_ADC_ErrorCallback
 .text.ADC_DMAError
                0x080025f4       0x16 build/stm32f7xx_hal_adc.o
 .text.ADC_DMAConvCplt
                0x0800260a       0x72 build/stm32f7xx_hal_adc.o
 .text.HAL_ADC_ConfigChannel
                0x0800267c      0x1ec build/stm32f7xx_hal_adc.o
                0x0800267c                HAL_ADC_ConfigChannel
 .text.HAL_RCC_OscConfig
                0x08002868      0x434 build/stm32f7xx_hal_rcc.o
                0x08002868                HAL_RCC_OscConfig
 .text.HAL_RCC_GetSysClockFreq
                0x08002c9c       0xdc build/stm32f7xx_hal_rcc.o
                0x08002c9c                HAL_RCC_GetSysClockFreq
 .text.HAL_RCC_ClockConfig
                0x08002d78      0x16c build/stm32f7xx_hal_rcc.o
                0x08002d78                HAL_RCC_ClockConfig
 .text.HAL_RCC_GetHCLKFreq
                0x08002ee4        0xc build/stm32f7xx_hal_rcc.o
                0x08002ee4                HAL_RCC_GetHCLKFreq
 .text.HAL_RCC_GetPCLK1Freq
                0x08002ef0       0x20 build/stm32f7xx_hal_rcc.o
                0x08002ef0                HAL_RCC_GetPCLK1Freq
 .text.HAL_RCC_GetPCLK2Freq
                0x08002f10       0x20 build/stm32f7xx_hal_rcc.o
                0x08002f10                HAL_RCC_GetPCLK2Freq
 .text.HAL_RCCEx_PeriphCLKConfig
                0x08002f30      0x5ac build/stm32f7xx_hal_rcc_ex.o
                0x08002f30                HAL_RCCEx_PeriphCLKConfig
 .text.HAL_GPIO_Init
                0x080034dc      0x204 build/stm32f7xx_hal_gpio.o
                0x080034dc                HAL_GPIO_Init
 .text.HAL_GPIO_WritePin
                0x080036e0        0xc build/stm32f7xx_hal_gpio.o
                0x080036e0                HAL_GPIO_WritePin
 .text.DMA_SetConfig
                0x080036ec       0x2c build/stm32f7xx_hal_dma.o
 .text.DMA_CalcBaseAndBitshift
                0x08003718       0x3c build/stm32f7xx_hal_dma.o
 .text.DMA_CheckFifoParam
                0x08003754       0x8e build/stm32f7xx_hal_dma.o
 *fill*         0x080037e2        0x2 
 .text.HAL_DMA_Init
                0x080037e4       0xd0 build/stm32f7xx_hal_dma.o
                0x080037e4                HAL_DMA_Init
 .text.HAL_DMA_Start_IT
                0x080038b4       0x74 build/stm32f7xx_hal_dma.o
                0x080038b4                HAL_DMA_Start_IT
 .text.HAL_DMA_IRQHandler
                0x08003928      0x1dc build/stm32f7xx_hal_dma.o
                0x08003928                HAL_DMA_IRQHandler
 .text.HAL_PWR_EnableBkUpAccess
                0x08003b04       0x10 build/stm32f7xx_hal_pwr.o
                0x08003b04                HAL_PWR_EnableBkUpAccess
 .text.HAL_PWREx_EnableOverDrive
                0x08003b14       0x7c build/stm32f7xx_hal_pwr_ex.o
                0x08003b14                HAL_PWREx_EnableOverDrive
 .text.__NVIC_SetPriority
                0x08003b90       0x24 build/stm32f7xx_hal_cortex.o
 .text.NVIC_EncodePriority
                0x08003bb4       0x3e build/stm32f7xx_hal_cortex.o
 *fill*         0x08003bf2        0x2 
 .text.HAL_NVIC_SetPriorityGrouping
                0x08003bf4       0x24 build/stm32f7xx_hal_cortex.o
                0x08003bf4                HAL_NVIC_SetPriorityGrouping
 .text.HAL_NVIC_SetPriority
                0x08003c18       0x20 build/stm32f7xx_hal_cortex.o
                0x08003c18                HAL_NVIC_SetPriority
 .text.HAL_NVIC_EnableIRQ
                0x08003c38       0x1c build/stm32f7xx_hal_cortex.o
                0x08003c38                HAL_NVIC_EnableIRQ
 .text.HAL_SYSTICK_Config
                0x08003c54       0x28 build/stm32f7xx_hal_cortex.o
                0x08003c54                HAL_SYSTICK_Config
 .text.HAL_MPU_Disable
                0x08003c7c       0x1c build/stm32f7xx_hal_cortex.o
                0x08003c7c                HAL_MPU_Disable
 .text.HAL_MPU_Enable
                0x08003c98       0x20 build/stm32f7xx_hal_cortex.o
                0x08003c98                HAL_MPU_Enable
 .text.HAL_MPU_ConfigRegion
                0x08003cb8       0x58 build/stm32f7xx_hal_cortex.o
                0x08003cb8                HAL_MPU_ConfigRegion
 .text.HAL_InitTick
                0x08003d10       0x4c build/stm32f7xx_hal.o
                0x08003d10                HAL_InitTick
 .text.HAL_Init
                0x08003d5c       0x16 build/stm32f7xx_hal.o
                0x08003d5c                HAL_Init
 *fill*         0x08003d72        0x2 
 .text.HAL_IncTick
                0x08003d74       0x18 build/stm32f7xx_hal.o
                0x08003d74                HAL_IncTick
 .text.HAL_GetTick
                0x08003d8c        0xc build/stm32f7xx_hal.o
                0x08003d8c                HAL_GetTick
 .text.HAL_Delay
                0x08003d98       0x28 build/stm32f7xx_hal.o
                0x08003d98                HAL_Delay
 .text.HAL_I2C_Init
                0x08003dc0       0xc8 build/stm32f7xx_hal_i2c.o
                0x08003dc0                HAL_I2C_Init
 .text.HAL_I2CEx_ConfigAnalogFilter
                0x08003e88       0x5c build/stm32f7xx_hal_i2c_ex.o
                0x08003e88                HAL_I2CEx_ConfigAnalogFilter
 .text.HAL_I2CEx_ConfigDigitalFilter
                0x08003ee4       0x58 build/stm32f7xx_hal_i2c_ex.o
                0x08003ee4                HAL_I2CEx_ConfigDigitalFilter
 .text.HAL_DAC_Init
                0x08003f3c       0x24 build/stm32f7xx_hal_dac.o
                0x08003f3c                HAL_DAC_Init
 .text.HAL_DAC_Start_DMA
                0x08003f60       0xf0 build/stm32f7xx_hal_dac.o
                0x08003f60                HAL_DAC_Start_DMA
 .text.DAC_DMAConvCpltCh1
                0x08004050       0x10 build/stm32f7xx_hal_dac.o
                0x08004050                DAC_DMAConvCpltCh1
 .text.DAC_DMAHalfConvCpltCh1
                0x08004060        0xa build/stm32f7xx_hal_dac.o
                0x08004060                DAC_DMAHalfConvCpltCh1
 .text.HAL_DAC_ErrorCallbackCh1
                0x0800406a        0x2 build/stm32f7xx_hal_dac.o
                0x0800406a                HAL_DAC_ErrorCallbackCh1
 .text.DAC_DMAErrorCh1
                0x0800406c       0x18 build/stm32f7xx_hal_dac.o
                0x0800406c                DAC_DMAErrorCh1
 .text.HAL_DAC_ConfigChannel
                0x08004084       0x6a build/stm32f7xx_hal_dac.o
                0x08004084                HAL_DAC_ConfigChannel
 .text.HAL_DACEx_ConvCpltCallbackCh2
                0x080040ee        0x2 build/stm32f7xx_hal_dac_ex.o
                0x080040ee                HAL_DACEx_ConvCpltCallbackCh2
 .text.HAL_DACEx_ConvHalfCpltCallbackCh2
                0x080040f0        0x2 build/stm32f7xx_hal_dac_ex.o
                0x080040f0                HAL_DACEx_ConvHalfCpltCallbackCh2
 .text.HAL_DACEx_ErrorCallbackCh2
                0x080040f2        0x2 build/stm32f7xx_hal_dac_ex.o
                0x080040f2                HAL_DACEx_ErrorCallbackCh2
 .text.DAC_DMAConvCpltCh2
                0x080040f4       0x10 build/stm32f7xx_hal_dac_ex.o
                0x080040f4                DAC_DMAConvCpltCh2
 .text.DAC_DMAHalfConvCpltCh2
                0x08004104        0xa build/stm32f7xx_hal_dac_ex.o
                0x08004104                DAC_DMAHalfConvCpltCh2
 .text.DAC_DMAErrorCh2
                0x0800410e       0x18 build/stm32f7xx_hal_dac_ex.o
                0x0800410e                DAC_DMAErrorCh2
 *fill*         0x08004126        0x2 
 .text.ETH_MACAddressConfig
                0x08004128       0x30 build/stm32f7xx_hal_eth.o
 .text.ETH_DMATxDescListInit
                0x08004158       0x6e build/stm32f7xx_hal_eth.o
 .text.ETH_DMARxDescListInit
                0x080041c6       0x7e build/stm32f7xx_hal_eth.o
 .text.ETH_SetMACConfig
                0x08004244      0x100 build/stm32f7xx_hal_eth.o
 .text.ETH_SetDMAConfig
                0x08004344       0xc0 build/stm32f7xx_hal_eth.o
 .text.ETH_MACDMAConfig
                0x08004404       0xa6 build/stm32f7xx_hal_eth.o
 *fill*         0x080044aa        0x2 
 .text.HAL_ETH_Init
                0x080044ac       0xe8 build/stm32f7xx_hal_eth.o
                0x080044ac                HAL_ETH_Init
 .text.HAL_TIM_Base_Start
                0x08004594       0x88 build/stm32f7xx_hal_tim.o
                0x08004594                HAL_TIM_Base_Start
 .text.TIM_Base_SetConfig
                0x0800461c      0x114 build/stm32f7xx_hal_tim.o
                0x0800461c                TIM_Base_SetConfig
 .text.HAL_TIM_Base_Init
                0x08004730       0x60 build/stm32f7xx_hal_tim.o
                0x08004730                HAL_TIM_Base_Init
 .text.HAL_TIMEx_MasterConfigSynchronization
                0x08004790       0xa0 build/stm32f7xx_hal_tim_ex.o
                0x08004790                HAL_TIMEx_MasterConfigSynchronization
 .text.UART_EndRxTransfer
                0x08004830       0x52 build/stm32f7xx_hal_uart.o
 *fill*         0x08004882        0x2 
 .text.UART_SetConfig
                0x08004884      0x328 build/stm32f7xx_hal_uart.o
                0x08004884                UART_SetConfig
 .text.UART_AdvFeatureConfig
                0x08004bac       0xca build/stm32f7xx_hal_uart.o
                0x08004bac                UART_AdvFeatureConfig
 .text.UART_WaitOnFlagUntilTimeout
                0x08004c76       0xa6 build/stm32f7xx_hal_uart.o
                0x08004c76                UART_WaitOnFlagUntilTimeout
 .text.UART_CheckIdleState
                0x08004d1c       0x68 build/stm32f7xx_hal_uart.o
                0x08004d1c                UART_CheckIdleState
 .text.HAL_UART_Init
                0x08004d84       0x62 build/stm32f7xx_hal_uart.o
                0x08004d84                HAL_UART_Init
 .text.HAL_PCD_Init
                0x08004de6      0x112 build/stm32f7xx_hal_pcd.o
                0x08004de6                HAL_PCD_Init
 .text.HAL_PCDEx_ActivateLPM
                0x08004ef8       0x28 build/stm32f7xx_hal_pcd_ex.o
                0x08004ef8                HAL_PCDEx_ActivateLPM
 .text.USB_CoreReset
                0x08004f20       0x58 build/stm32f7xx_ll_usb.o
 .text.USB_CoreInit
                0x08004f78       0x84 build/stm32f7xx_ll_usb.o
                0x08004f78                USB_CoreInit
 .text.USB_DisableGlobalInt
                0x08004ffc        0xc build/stm32f7xx_ll_usb.o
                0x08004ffc                USB_DisableGlobalInt
 .text.USB_FlushTxFifo
                0x08005008       0x4a build/stm32f7xx_ll_usb.o
                0x08005008                USB_FlushTxFifo
 .text.USB_FlushRxFifo
                0x08005052       0x46 build/stm32f7xx_ll_usb.o
                0x08005052                USB_FlushRxFifo
 .text.USB_SetDevSpeed
                0x08005098        0xe build/stm32f7xx_ll_usb.o
                0x08005098                USB_SetDevSpeed
 *fill*         0x080050a6        0x2 
 .text.USB_DevInit
                0x080050a8      0x18c build/stm32f7xx_ll_usb.o
                0x080050a8                USB_DevInit
 .text.USB_DevDisconnect
                0x08005234       0x1c build/stm32f7xx_ll_usb.o
                0x08005234                USB_DevDisconnect
 .text.USB_GetMode
                0x08005250        0x8 build/stm32f7xx_ll_usb.o
                0x08005250                USB_GetMode
 .text.USB_SetCurrentMode
                0x08005258       0x62 build/stm32f7xx_ll_usb.o
                0x08005258                USB_SetCurrentMode
 *fill*         0x080052ba        0x2 
 .text.SystemInit
                0x080052bc       0x14 build/system_stm32f7xx.o
                0x080052bc                SystemInit
 .text.nco_init
                0x080052d0       0x24 build/dsp.o
                0x080052d0                nco_init
 .text.Reset_Handler
                0x080052f4       0x50 build/startup_stm32f746xx.o
                0x080052f4                Reset_Handler
 .text.Default_Handler
                0x08005344        0x2 build/startup_stm32f746xx.o
                0x08005344                RTC_Alarm_IRQHandler
                0x08005344                EXTI2_IRQHandler
                0x08005344                TIM8_CC_IRQHandler
                0x08005344                UART8_IRQHandler
                0x08005344                SPI4_IRQHandler
                0x08005344                TIM1_CC_IRQHandler
                0x08005344                DMA2_Stream5_IRQHandler
                0x08005344                PVD_IRQHandler
                0x08005344                TAMP_STAMP_IRQHandler
                0x08005344                CAN2_RX1_IRQHandler
                0x08005344                EXTI3_IRQHandler
                0x08005344                TIM8_TRG_COM_TIM14_IRQHandler
                0x08005344                TIM1_UP_TIM10_IRQHandler
                0x08005344                TIM8_UP_TIM13_IRQHandler
                0x08005344                I2C3_ER_IRQHandler
                0x08005344                EXTI0_IRQHandler
                0x08005344                I2C2_EV_IRQHandler
                0x08005344                DMA1_Stream2_IRQHandler
                0x08005344                CAN1_RX0_IRQHandler
                0x08005344                FPU_IRQHandler
                0x08005344                OTG_HS_WKUP_IRQHandler
                0x08005344                LTDC_ER_IRQHandler
                0x08005344                CAN2_SCE_IRQHandler
                0x08005344                DMA2_Stream2_IRQHandler
                0x08005344                SPI1_IRQHandler
                0x08005344                TIM6_DAC_IRQHandler
                0x08005344                TIM1_BRK_TIM9_IRQHandler
                0x08005344                DCMI_IRQHandler
                0x08005344                CAN2_RX0_IRQHandler
                0x08005344                DMA2_Stream3_IRQHandler
                0x08005344                SAI2_IRQHandler
                0x08005344                USART6_IRQHandler
                0x08005344                USART3_IRQHandler
                0x08005344                CAN1_RX1_IRQHandler
                0x08005344                UART5_IRQHandler
                0x08005344                TIM4_IRQHandler
                0x08005344                QUADSPI_IRQHandler
                0x08005344                I2C1_EV_IRQHandler
                0x08005344                DMA1_Stream6_IRQHandler
                0x08005344                DMA1_Stream1_IRQHandler
                0x08005344                UART4_IRQHandler
                0x08005344                TIM3_IRQHandler
                0x08005344                RCC_IRQHandler
                0x08005344                TIM8_BRK_TIM12_IRQHandler
                0x08005344                Default_Handler
                0x08005344                CEC_IRQHandler
                0x08005344                EXTI15_10_IRQHandler
                0x08005344                ADC_IRQHandler
                0x08005344                DMA1_Stream7_IRQHandler
                0x08005344                SPI5_IRQHandler
                0x08005344                TIM7_IRQHandler
                0x08005344                SDMMC1_IRQHandler
                0x08005344                CAN2_TX_IRQHandler
                0x08005344                TIM5_IRQHandler
                0x08005344                DMA2_Stream7_IRQHandler
                0x08005344                I2C3_EV_IRQHandler
                0x08005344                EXTI9_5_IRQHandler
                0x08005344                RTC_WKUP_IRQHandler
                0x08005344                LTDC_IRQHandler
                0x08005344                ETH_WKUP_IRQHandler
                0x08005344                SPDIF_RX_IRQHandler
                0x08005344                SPI2_IRQHandler
                0x08005344                OTG_HS_EP1_IN_IRQHandler
                0x08005344                DMA1_Stream0_IRQHandler
                0x08005344                CAN1_TX_IRQHandler
                0x08005344                EXTI4_IRQHandler
                0x08005344                RNG_IRQHandler
                0x08005344                ETH_IRQHandler
                0x08005344                OTG_HS_EP1_OUT_IRQHandler
                0x08005344                WWDG_IRQHandler
                0x08005344                SPI6_IRQHandler
                0x08005344                I2C4_EV_IRQHandler
                0x08005344                TIM2_IRQHandler
                0x08005344                OTG_FS_WKUP_IRQHandler
                0x08005344                TIM1_TRG_COM_TIM11_IRQHandler
                0x08005344                OTG_HS_IRQHandler
                0x08005344                DMA2D_IRQHandler
                0x08005344                EXTI1_IRQHandler
                0x08005344                UART7_IRQHandler
                0x08005344                USART2_IRQHandler
                0x08005344                I2C2_ER_IRQHandler
                0x08005344                DMA2_Stream1_IRQHandler
                0x08005344                CAN1_SCE_IRQHandler
                0x08005344                FLASH_IRQHandler
                0x08005344                DMA2_Stream4_IRQHandler
                0x08005344                USART1_IRQHandler
                0x08005344                OTG_FS_IRQHandler
                0x08005344                SPI3_IRQHandler
                0x08005344                DMA1_Stream4_IRQHandler
                0x08005344                I2C1_ER_IRQHandler
                0x08005344                FMC_IRQHandler
                0x08005344                LPTIM1_IRQHandler
                0x08005344                I2C4_ER_IRQHandler
                0x08005344                DMA2_Stream6_IRQHandler
                0x08005344                SAI1_IRQHandler
                0x08005344                DMA1_Stream3_IRQHandler
 *fill*         0x08005346        0x2 
 .text.arm_fir_init_f32
                0x08005348       0x24 Drivers/CMSIS/Lib/GCC/libarm_cortexM7lfsp_math.a(arm_fir_init_f32.o)
                0x08005348                arm_fir_init_f32
 .text.arm_fir_f32
                0x0800536c      0x4dc Drivers/CMSIS/Lib/GCC/libarm_cortexM7lfsp_math.a(arm_fir_f32.o)
                0x0800536c                arm_fir_f32
 *(.glue_7)
 .glue_7        0x08005848        0x0 linker stubs
 *(.glue_7t)
 .glue_7t       0x08005848        0x0 linker stubs
 *(.eh_frame)
 .eh_frame      0x08005848        0x0 /usr/lib/gcc/arm-none-eabi/13.2.1/thumb/v7e-m+fp/hard/crtbegin.o
 *(.init)
 .init          0x08005848        0x4 /usr/lib/gcc/arm-none-eabi/13.2.1/thumb/v7e-m+fp/hard/crti.o
                0x08005848                _init
 .init          0x0800584c        0x8 /usr/lib/gcc/arm-none-eabi/13.2.1/thumb/v7e-m+fp/hard/crtn.o
 *(.fini)
 .fini          0x08005854        0x4 /usr/lib/gcc/arm-none-eabi/13.2.1/thumb/v7e-m+fp/hard/crti.o
                0x08005854                _fini
 .fini          0x08005858        0x8 /usr/lib/gcc/arm-none-eabi/13.2.1/thumb/v7e-m+fp/hard/crtn.o
                0x08005860                        . = ALIGN (0x4)
                0x08005860                        _etext = .

.vfp11_veneer   0x08005860        0x0
 .vfp11_veneer  0x08005860        0x0 linker stubs

.v4_bx          0x08005860        0x0
 .v4_bx         0x08005860        0x0 linker stubs

.iplt           0x08005860        0x0
 .iplt          0x08005860        0x0 /usr/lib/gcc/arm-none-eabi/13.2.1/thumb/v7e-m+fp/hard/crtbegin.o

.rodata         0x08005860      0x3f0
                0x08005860                        . = ALIGN (0x4)
 *(.rodata)
 .rodata        0x08005860      0x398 /usr/lib/gcc/arm-none-eabi/13.2.1/../../../arm-none-eabi/lib/thumb/v7e-m+fp/hard/libm.a(libm_a-ef_rem_pio2.o)
 .rodata        0x08005bf8       0x38 /usr/lib/gcc/arm-none-eabi/13.2.1/../../../arm-none-eabi/lib/thumb/v7e-m+fp/hard/libm.a(libm_a-kf_rem_pio2.o)
 *(.rodata*)
 .rodata.flagBitshiftOffset.0
                0x08005c30        0x8 build/stm32f7xx_hal_dma.o
 .rodata.APBPrescTable
                0x08005c38        0x8 build/system_stm32f7xx.o
                0x08005c38                APBPrescTable
 .rodata.AHBPrescTable
                0x08005c40       0x10 build/system_stm32f7xx.o
                0x08005c40                AHBPrescTable
                0x08005c50                        . = ALIGN (0x4)

.ARM.extab      0x08005c50        0x0
                0x08005c50                        . = ALIGN (0x4)
 *(.ARM.extab* .gnu.linkonce.armextab.*)
                0x08005c50                        . = ALIGN (0x4)

.ARM            0x08005c50        0x8
                0x08005c50                        . = ALIGN (0x4)
                0x08005c50                        __exidx_start = .
 *(.ARM.exidx*)
 .ARM.exidx     0x08005c50        0x8 /usr/lib/gcc/arm-none-eabi/13.2.1/thumb/v7e-m+fp/hard/libgcc.a(_udivmoddi4.o)
                0x08005c58                        __exidx_end = .
                0x08005c58                        . = ALIGN (0x4)

.preinit_array  0x08005c58        0x0
                0x08005c58                        . = ALIGN (0x4)
                0x08005c58                        PROVIDE (__preinit_array_start = .)
 *(.preinit_array*)
                0x08005c58                        PROVIDE (__preinit_array_end = .)
                0x08005c58                        . = ALIGN (0x4)

.init_array     0x08005c58        0x4
                0x08005c58                        . = ALIGN (0x4)
                0x08005c58                        PROVIDE (__init_array_start = .)
 *(SORT_BY_NAME(.init_array.*))
 *(.init_array*)
 .init_array    0x08005c58        0x4 /usr/lib/gcc/arm-none-eabi/13.2.1/thumb/v7e-m+fp/hard/crtbegin.o
                0x08005c5c                        PROVIDE (__init_array_end = .)
                0x08005c5c                        . = ALIGN (0x4)

.fini_array     0x08005c5c        0x4
                0x08005c5c                        . = ALIGN (0x4)
                0x08005c5c                        PROVIDE (__fini_array_start = .)
 *(SORT_BY_NAME(.fini_array.*))
 *(.fini_array*)
 .fini_array    0x08005c5c        0x4 /usr/lib/gcc/arm-none-eabi/13.2.1/thumb/v7e-m+fp/hard/crtbegin.o
                0x08005c60                        PROVIDE (__fini_array_end = .)
                0x08005c60                        . = ALIGN (0x4)
                0x08005c60                        _sidata = LOADADDR (.data)

.rel.dyn        0x08005c60        0x0
 .rel.iplt      0x08005c60        0x0 /usr/lib/gcc/arm-none-eabi/13.2.1/thumb/v7e-m+fp/hard/crtbegin.o

.data           0x20000000      0x270 load address 0x08005c60
                0x20000000                        . = ALIGN (0x4)
                0x20000000                        _sdata = .
 *(.data)
 *(.data*)
 .data.audio_lpf_coeffs
                0x20000000       0xfc build/main.o
 .data.hilbert_coeffs
                0x200000fc       0x44 build/main.o
 .data.pre_demod_coeffs
                0x20000140      0x124 build/main.o
 .data.uwTickFreq
                0x20000264        0x1 build/stm32f7xx_hal.o
                0x20000264                uwTickFreq
 *fill*         0x20000265        0x3 
 .data.uwTickPrio
                0x20000268        0x4 build/stm32f7xx_hal.o
                0x20000268                uwTickPrio
 .data.SystemCoreClock
                0x2000026c        0x4 build/system_stm32f7xx.o
                0x2000026c                SystemCoreClock
 *(.RamFunc)
 *(.RamFunc*)
                0x20000270                        . = ALIGN (0x4)
                0x20000270                        _edata = .

.tm_clone_table
                0x20000270        0x0 load address 0x08005ed0
 .tm_clone_table
                0x20000270        0x0 /usr/lib/gcc/arm-none-eabi/13.2.1/thumb/v7e-m+fp/hard/crtbegin.o
 .tm_clone_table
                0x20000270        0x0 /usr/lib/gcc/arm-none-eabi/13.2.1/thumb/v7e-m+fp/hard/crtend.o

.igot.plt       0x20000270        0x0 load address 0x08005ed0
 .igot.plt      0x20000270        0x0 /usr/lib/gcc/arm-none-eabi/13.2.1/thumb/v7e-m+fp/hard/crtbegin.o

.TxDecripSection
                0x20000270       0xa0 load address 0x08005ed0
 .TxDecripSection
                0x20000270       0xa0 build/main.o
                0x20000270                DMATxDscrTab

.RxDecripSection
                0x20000310       0xa0 load address 0x08005f70
 .RxDecripSection
                0x20000310       0xa0 build/main.o
                0x20000310                DMARxDscrTab
                0x200003b0                        . = ALIGN (0x4)

.bss            0x200003b0     0xcc04 load address 0x08006010
                0x200003b0                        _sbss = .
                0x200003b0                        __bss_start__ = _sbss
 *(.bss)
 .bss           0x200003b0       0x1c /usr/lib/gcc/arm-none-eabi/13.2.1/thumb/v7e-m+fp/hard/crtbegin.o
 *(.bss*)
 .bss.MACAddr.0
                0x200003cc        0x6 build/main.o
 *fill*         0x200003d2        0x2 
 .bss.phase.1   0x200003d4        0x4 build/main.o
 .bss.audio_filtered.2
                0x200003d8     0x2000 build/main.o
 .bss.audio_in.3
                0x200023d8     0x2000 build/main.o
 .bss.audio_lpf
                0x200043d8        0xc build/main.o
                0x200043d8                audio_lpf
 .bss.audio_state
                0x200043e4     0x10fc build/main.o
 .bss.hilbert   0x200054e0        0xc build/main.o
                0x200054e0                hilbert
 .bss.hilbert_state
                0x200054ec     0x1044 build/main.o
 .bss.pre_fm_state_Q
                0x20006530     0x1124 build/main.o
 .bss.pre_fm_state_I
                0x20007654     0x1124 build/main.o
 .bss.pre_fm_Q  0x20008778        0xc build/main.o
                0x20008778                pre_fm_Q
 .bss.pre_fm_I  0x20008784        0xc build/main.o
                0x20008784                pre_fm_I
 .bss.nco_if    0x20008790       0x10 build/main.o
                0x20008790                nco_if
 .bss.dac_block_processing
                0x200087a0        0x1 build/main.o
                0x200087a0                dac_block_processing
 .bss.block_ready
                0x200087a1        0x1 build/main.o
                0x200087a1                block_ready
 *fill*         0x200087a2        0x2 
 .bss.adc_buffer
                0x200087a4     0x2000 build/main.o
                0x200087a4                adc_buffer
 .bss.dac_buffer
                0x2000a7a4     0x2000 build/main.o
                0x2000a7a4                dac_buffer
 .bss.hpcd_USB_OTG_FS
                0x2000c7a4      0x4e0 build/main.o
                0x2000c7a4                hpcd_USB_OTG_FS
 .bss.huart3    0x2000cc84       0x88 build/main.o
                0x2000cc84                huart3
 .bss.htim6     0x2000cd0c       0x4c build/main.o
                0x2000cd0c                htim6
 .bss.hi2c1     0x2000cd58       0x54 build/main.o
                0x2000cd58                hi2c1
 .bss.heth      0x2000cdac       0xb0 build/main.o
                0x2000cdac                heth
 .bss.hdma_dac1
                0x2000ce5c       0x60 build/main.o
                0x2000ce5c                hdma_dac1
 .bss.hdac      0x2000cebc       0x14 build/main.o
                0x2000cebc                hdac
 .bss.hdma_adc1
                0x2000ced0       0x60 build/main.o
                0x2000ced0                hdma_adc1
 .bss.hadc1     0x2000cf30       0x48 build/main.o
                0x2000cf30                hadc1
 .bss.TxConfig  0x2000cf78       0x38 build/main.o
                0x2000cf78                TxConfig
 .bss.uwTick    0x2000cfb0        0x4 build/stm32f7xx_hal.o
                0x2000cfb0                uwTick
 *(COMMON)
                0x2000cfb4                        . = ALIGN (0x4)
                0x2000cfb4                        _ebss = .
                0x2000cfb4                        __bss_end__ = _ebss

._user_heap_stack
                0x2000cfb4      0x604 load address 0x08006010
                0x2000cfb8                        . = ALIGN (0x8)
 *fill*         0x2000cfb4        0x4 
                [!provide]                        PROVIDE (end = .)
                0x2000cfb8                        PROVIDE (_end = .)
                0x2000d1b8                        . = (. + _Min_Heap_Size)
 *fill*         0x2000cfb8      0x200 
                0x2000d5b8                        . = (. + _Min_Stack_Size)
 *fill*         0x2000d1b8      0x400 
                0x2000d5b8                        . = ALIGN (0x8)

/DISCARD/
 libc.a(*)
 libm.a(*)
 libgcc.a(*)
OUTPUT(build/qrp-sdr-trx.elf elf32-littlearm)
LOAD linker stubs
LOAD /usr/lib/gcc/arm-none-eabi/13.2.1/../../../arm-none-eabi/lib/thumb/v7e-m+fp/hard/libc.a
LOAD /usr/lib/gcc/arm-none-eabi/13.2.1/../../../arm-none-eabi/lib/thumb/v7e-m+fp/hard/libm.a
LOAD /usr/lib/gcc/arm-none-eabi/13.2.1/thumb/v7e-m+fp/hard/libgcc.a

.ARM.attributes
                0x00000000       0x30
 .ARM.attributes
                0x00000000       0x22 /usr/lib/gcc/arm-none-eabi/13.2.1/thumb/v7e-m+fp/hard/crti.o
 .ARM.attributes
                0x00000022       0x34 /usr/lib/gcc/arm-none-eabi/13.2.1/thumb/v7e-m+fp/hard/crtbegin.o
 .ARM.attributes
                0x00000056       0x34 build/main.o
 .ARM.attributes
                0x0000008a       0x34 build/stm32f7xx_it.o
 .ARM.attributes
                0x000000be       0x34 build/stm32f7xx_hal_msp.o
 .ARM.attributes
                0x000000f2       0x34 build/stm32f7xx_hal_adc.o
 .ARM.attributes
                0x00000126       0x34 build/stm32f7xx_hal_rcc.o
 .ARM.attributes
                0x0000015a       0x34 build/stm32f7xx_hal_rcc_ex.o
 .ARM.attributes
                0x0000018e       0x34 build/stm32f7xx_hal_gpio.o
 .ARM.attributes
                0x000001c2       0x34 build/stm32f7xx_hal_dma.o
 .ARM.attributes
                0x000001f6       0x34 build/stm32f7xx_hal_pwr.o
 .ARM.attributes
                0x0000022a       0x34 build/stm32f7xx_hal_pwr_ex.o
 .ARM.attributes
                0x0000025e       0x34 build/stm32f7xx_hal_cortex.o
 .ARM.attributes
                0x00000292       0x34 build/stm32f7xx_hal.o
 .ARM.attributes
                0x000002c6       0x34 build/stm32f7xx_hal_i2c.o
 .ARM.attributes
                0x000002fa       0x34 build/stm32f7xx_hal_i2c_ex.o
 .ARM.attributes
                0x0000032e       0x34 build/stm32f7xx_hal_dac.o
 .ARM.attributes
                0x00000362       0x34 build/stm32f7xx_hal_dac_ex.o
 .ARM.attributes
                0x00000396       0x34 build/stm32f7xx_hal_eth.o
 .ARM.attributes
                0x000003ca       0x34 build/stm32f7xx_hal_tim.o
 .ARM.attributes
                0x000003fe       0x34 build/stm32f7xx_hal_tim_ex.o
 .ARM.attributes
                0x00000432       0x34 build/stm32f7xx_hal_uart.o
 .ARM.attributes
                0x00000466       0x34 build/stm32f7xx_hal_pcd.o
 .ARM.attributes
                0x0000049a       0x34 build/stm32f7xx_hal_pcd_ex.o
 .ARM.attributes
                0x000004ce       0x34 build/stm32f7xx_ll_usb.o
 .ARM.attributes
                0x00000502       0x34 build/system_stm32f7xx.o
 .ARM.attributes
                0x00000536       0x34 build/dsp.o
 .ARM.attributes
                0x0000056a       0x21 build/startup_stm32f746xx.o
 .ARM.attributes
                0x0000058b       0x34 /usr/lib/gcc/arm-none-eabi/13.2.1/../../../arm-none-eabi/lib/thumb/v7e-m+fp/hard/libc_nano.a(libc_a-init.o)
 .ARM.attributes
                0x000005bf       0x34 /usr/lib/gcc/arm-none-eabi/13.2.1/../../../arm-none-eabi/lib/thumb/v7e-m+fp/hard/libc_nano.a(libc_a-memset.o)
 .ARM.attributes
                0x000005f3       0x34 /usr/lib/gcc/arm-none-eabi/13.2.1/../../../arm-none-eabi/lib/thumb/v7e-m+fp/hard/libm.a(libm_a-sf_cos.o)
 .ARM.attributes
                0x00000627       0x34 /usr/lib/gcc/arm-none-eabi/13.2.1/../../../arm-none-eabi/lib/thumb/v7e-m+fp/hard/libm.a(libm_a-kf_cos.o)
 .ARM.attributes
                0x0000065b       0x34 /usr/lib/gcc/arm-none-eabi/13.2.1/../../../arm-none-eabi/lib/thumb/v7e-m+fp/hard/libm.a(libm_a-kf_sin.o)
 .ARM.attributes
                0x0000068f       0x34 /usr/lib/gcc/arm-none-eabi/13.2.1/../../../arm-none-eabi/lib/thumb/v7e-m+fp/hard/libm.a(libm_a-ef_rem_pio2.o)
 .ARM.attributes
                0x000006c3       0x34 /usr/lib/gcc/arm-none-eabi/13.2.1/../../../arm-none-eabi/lib/thumb/v7e-m+fp/hard/libm.a(libm_a-sf_fabs.o)
 .ARM.attributes
                0x000006f7       0x34 /usr/lib/gcc/arm-none-eabi/13.2.1/../../../arm-none-eabi/lib/thumb/v7e-m+fp/hard/libm.a(libm_a-kf_rem_pio2.o)
 .ARM.attributes
                0x0000072b       0x34 /usr/lib/gcc/arm-none-eabi/13.2.1/../../../arm-none-eabi/lib/thumb/v7e-m+fp/hard/libm.a(libm_a-sf_scalbn.o)
 .ARM.attributes
                0x0000075f       0x34 /usr/lib/gcc/arm-none-eabi/13.2.1/../../../arm-none-eabi/lib/thumb/v7e-m+fp/hard/libm.a(libm_a-sf_floor.o)
 .ARM.attributes
                0x00000793       0x39 Drivers/CMSIS/Lib/GCC/libarm_cortexM7lfsp_math.a(arm_fir_init_f32.o)
 .ARM.attributes
                0x000007cc       0x39 Drivers/CMSIS/Lib/GCC/libarm_cortexM7lfsp_math.a(arm_fir_f32.o)
 .ARM.attributes
                0x00000805       0x22 /usr/lib/gcc/arm-none-eabi/13.2.1/thumb/v7e-m+fp/hard/libgcc.a(_arm_addsubdf3.o)
 .ARM.attributes
                0x00000827       0x22 /usr/lib/gcc/arm-none-eabi/13.2.1/thumb/v7e-m+fp/hard/libgcc.a(_arm_cmpdf2.o)
 .ARM.attributes
                0x00000849       0x22 /usr/lib/gcc/arm-none-eabi/13.2.1/thumb/v7e-m+fp/hard/libgcc.a(_aeabi_uldivmod.o)
 .ARM.attributes
                0x0000086b       0x34 /usr/lib/gcc/arm-none-eabi/13.2.1/thumb/v7e-m+fp/hard/libgcc.a(_udivmoddi4.o)
 .ARM.attributes
                0x0000089f       0x22 /usr/lib/gcc/arm-none-eabi/13.2.1/thumb/v7e-m+fp/hard/libgcc.a(_dvmd_tls.o)
 .ARM.attributes
                0x000008c1       0x34 /usr/lib/gcc/arm-none-eabi/13.2.1/thumb/v7e-m+fp/hard/crtend.o
 .ARM.attributes
                0x000008f5       0x22 /usr/lib/gcc/arm-none-eabi/13.2.1/thumb/v7e-m+fp/hard/crtn.o

.comment        0x00000000       0x94
 .comment       0x00000000       0x94 /usr/lib/gcc/arm-none-eabi/13.2.1/thumb/v7e-m+fp/hard/crtbegin.o
                                 0x27 (size before relaxing)
 .comment       0x00000094       0x27 build/main.o
 .comment       0x00000094       0x27 build/stm32f7xx_it.o
 .comment       0x00000094       0x27 build/stm32f7xx_hal_msp.o
 .comment       0x00000094       0x27 build/stm32f7xx_hal_adc.o
 .comment       0x00000094       0x27 build/stm32f7xx_hal_rcc.o
 .comment       0x00000094       0x27 build/stm32f7xx_hal_rcc_ex.o
 .comment       0x00000094       0x27 build/stm32f7xx_hal_gpio.o
 .comment       0x00000094       0x27 build/stm32f7xx_hal_dma.o
 .comment       0x00000094       0x27 build/stm32f7xx_hal_pwr.o
 .comment       0x00000094       0x27 build/stm32f7xx_hal_pwr_ex.o
 .comment       0x00000094       0x27 build/stm32f7xx_hal_cortex.o
 .comment       0x00000094       0x27 build/stm32f7xx_hal.o
 .comment       0x00000094       0x27 build/stm32f7xx_hal_i2c.o
 .comment       0x00000094       0x27 build/stm32f7xx_hal_i2c_ex.o
 .comment       0x00000094       0x27 build/stm32f7xx_hal_dac.o
 .comment       0x00000094       0x27 build/stm32f7xx_hal_dac_ex.o
 .comment       0x00000094       0x27 build/stm32f7xx_hal_eth.o
 .comment       0x00000094       0x27 build/stm32f7xx_hal_tim.o
 .comment       0x00000094       0x27 build/stm32f7xx_hal_tim_ex.o
 .comment       0x00000094       0x27 build/stm32f7xx_hal_uart.o
 .comment       0x00000094       0x27 build/stm32f7xx_hal_pcd.o
 .comment       0x00000094       0x27 build/stm32f7xx_hal_pcd_ex.o
 .comment       0x00000094       0x27 build/stm32f7xx_ll_usb.o
 .comment       0x00000094       0x27 build/system_stm32f7xx.o
 .comment       0x00000094       0x27 build/dsp.o
 .comment       0x00000094       0x27 /usr/lib/gcc/arm-none-eabi/13.2.1/../../../arm-none-eabi/lib/thumb/v7e-m+fp/hard/libc_nano.a(libc_a-init.o)
 .comment       0x00000094       0x27 /usr/lib/gcc/arm-none-eabi/13.2.1/../../../arm-none-eabi/lib/thumb/v7e-m+fp/hard/libc_nano.a(libc_a-memset.o)
 .comment       0x00000094       0x27 /usr/lib/gcc/arm-none-eabi/13.2.1/../../../arm-none-eabi/lib/thumb/v7e-m+fp/hard/libm.a(libm_a-sf_cos.o)
 .comment       0x00000094       0x27 /usr/lib/gcc/arm-none-eabi/13.2.1/../../../arm-none-eabi/lib/thumb/v7e-m+fp/hard/libm.a(libm_a-kf_cos.o)
 .comment       0x00000094       0x27 /usr/lib/gcc/arm-none-eabi/13.2.1/../../../arm-none-eabi/lib/thumb/v7e-m+fp/hard/libm.a(libm_a-kf_sin.o)
 .comment       0x00000094       0x27 /usr/lib/gcc/arm-none-eabi/13.2.1/../../../arm-none-eabi/lib/thumb/v7e-m+fp/hard/libm.a(libm_a-ef_rem_pio2.o)
 .comment       0x00000094       0x27 /usr/lib/gcc/arm-none-eabi/13.2.1/../../../arm-none-eabi/lib/thumb/v7e-m+fp/hard/libm.a(libm_a-sf_fabs.o)
 .comment       0x00000094       0x27 /usr/lib/gcc/arm-none-eabi/13.2.1/../../../arm-none-eabi/lib/thumb/v7e-m+fp/hard/libm.a(libm_a-kf_rem_pio2.o)
 .comment       0x00000094       0x27 /usr/lib/gcc/arm-none-eabi/13.2.1/../../../arm-none-eabi/lib/thumb/v7e-m+fp/hard/libm.a(libm_a-sf_scalbn.o)
 .comment       0x00000094       0x27 /usr/lib/gcc/arm-none-eabi/13.2.1/../../../arm-none-eabi/lib/thumb/v7e-m+fp/hard/libm.a(libm_a-sf_floor.o)
 .comment       0x00000094       0x6f Drivers/CMSIS/Lib/GCC/libarm_cortexM7lfsp_math.a(arm_fir_init_f32.o)
 .comment       0x00000094       0x6f Drivers/CMSIS/Lib/GCC/libarm_cortexM7lfsp_math.a(arm_fir_f32.o)
 .comment       0x00000094       0x27 /usr/lib/gcc/arm-none-eabi/13.2.1/thumb/v7e-m+fp/hard/libgcc.a(_udivmoddi4.o)
 .comment       0x00000094       0x27 /usr/lib/gcc/arm-none-eabi/13.2.1/thumb/v7e-m+fp/hard/crtend.o

.debug_info     0x00000000    0x2b121
 .debug_info    0x00000000     0x48d8 build/main.o
 .debug_info    0x000048d8      0x4a2 build/stm32f7xx_it.o
 .debug_info    0x00004d7a     0x30f5 build/stm32f7xx_hal_msp.o
 .debug_info    0x00007e6f      0xfca build/stm32f7xx_hal_adc.o
 .debug_info    0x00008e39      0xcb2 build/stm32f7xx_hal_rcc.o
 .debug_info    0x00009aeb      0x93b build/stm32f7xx_hal_rcc_ex.o
 .debug_info    0x0000a426      0x857 build/stm32f7xx_hal_gpio.o
 .debug_info    0x0000ac7d      0xbb6 build/stm32f7xx_hal_dma.o
 .debug_info    0x0000b833      0xa94 build/stm32f7xx_hal_pwr.o
 .debug_info    0x0000c2c7      0xb00 build/stm32f7xx_hal_pwr_ex.o
 .debug_info    0x0000cdc7     0x1419 build/stm32f7xx_hal_cortex.o
 .debug_info    0x0000e1e0      0xb8b build/stm32f7xx_hal.o
 .debug_info    0x0000ed6b     0x4732 build/stm32f7xx_hal_i2c.o
 .debug_info    0x0001349d      0xaa8 build/stm32f7xx_hal_i2c_ex.o
 .debug_info    0x00013f45      0xcb0 build/stm32f7xx_hal_dac.o
 .debug_info    0x00014bf5      0x8f4 build/stm32f7xx_hal_dac_ex.o
 .debug_info    0x000154e9     0x2cb8 build/stm32f7xx_hal_eth.o
 .debug_info    0x000181a1     0x4283 build/stm32f7xx_hal_tim.o
 .debug_info    0x0001c424     0x1ebd build/stm32f7xx_hal_tim_ex.o
 .debug_info    0x0001e2e1     0x5361 build/stm32f7xx_hal_uart.o
 .debug_info    0x00023642     0x1f6a build/stm32f7xx_hal_pcd.o
 .debug_info    0x000255ac      0x895 build/stm32f7xx_hal_pcd_ex.o
 .debug_info    0x00025e41     0x2256 build/stm32f7xx_ll_usb.o
 .debug_info    0x00028097      0x7ea build/system_stm32f7xx.o
 .debug_info    0x00028881      0x5dc build/dsp.o
 .debug_info    0x00028e5d       0x30 build/startup_stm32f746xx.o
 .debug_info    0x00028e8d      0x10b /usr/lib/gcc/arm-none-eabi/13.2.1/../../../arm-none-eabi/lib/thumb/v7e-m+fp/hard/libc_nano.a(libc_a-init.o)
 .debug_info    0x00028f98      0x135 /usr/lib/gcc/arm-none-eabi/13.2.1/../../../arm-none-eabi/lib/thumb/v7e-m+fp/hard/libc_nano.a(libc_a-memset.o)
 .debug_info    0x000290cd      0x215 /usr/lib/gcc/arm-none-eabi/13.2.1/../../../arm-none-eabi/lib/thumb/v7e-m+fp/hard/libm.a(libm_a-sf_cos.o)
 .debug_info    0x000292e2      0x20e /usr/lib/gcc/arm-none-eabi/13.2.1/../../../arm-none-eabi/lib/thumb/v7e-m+fp/hard/libm.a(libm_a-kf_cos.o)
 .debug_info    0x000294f0      0x1e0 /usr/lib/gcc/arm-none-eabi/13.2.1/../../../arm-none-eabi/lib/thumb/v7e-m+fp/hard/libm.a(libm_a-kf_sin.o)
 .debug_info    0x000296d0      0x3fd /usr/lib/gcc/arm-none-eabi/13.2.1/../../../arm-none-eabi/lib/thumb/v7e-m+fp/hard/libm.a(libm_a-ef_rem_pio2.o)
 .debug_info    0x00029acd      0x13e /usr/lib/gcc/arm-none-eabi/13.2.1/../../../arm-none-eabi/lib/thumb/v7e-m+fp/hard/libm.a(libm_a-sf_fabs.o)
 .debug_info    0x00029c0b      0x3e7 /usr/lib/gcc/arm-none-eabi/13.2.1/../../../arm-none-eabi/lib/thumb/v7e-m+fp/hard/libm.a(libm_a-kf_rem_pio2.o)
 .debug_info    0x00029ff2      0x20b /usr/lib/gcc/arm-none-eabi/13.2.1/../../../arm-none-eabi/lib/thumb/v7e-m+fp/hard/libm.a(libm_a-sf_scalbn.o)
 .debug_info    0x0002a1fd      0x18a /usr/lib/gcc/arm-none-eabi/13.2.1/../../../arm-none-eabi/lib/thumb/v7e-m+fp/hard/libm.a(libm_a-sf_floor.o)
 .debug_info    0x0002a387      0x1a8 Drivers/CMSIS/Lib/GCC/libarm_cortexM7lfsp_math.a(arm_fir_init_f32.o)
 .debug_info    0x0002a52f      0x2eb Drivers/CMSIS/Lib/GCC/libarm_cortexM7lfsp_math.a(arm_fir_f32.o)
 .debug_info    0x0002a81a       0xd3 /usr/lib/gcc/arm-none-eabi/13.2.1/thumb/v7e-m+fp/hard/libgcc.a(_arm_addsubdf3.o)
 .debug_info    0x0002a8ed       0xdf /usr/lib/gcc/arm-none-eabi/13.2.1/thumb/v7e-m+fp/hard/libgcc.a(_arm_cmpdf2.o)
 .debug_info    0x0002a9cc       0x24 /usr/lib/gcc/arm-none-eabi/13.2.1/thumb/v7e-m+fp/hard/libgcc.a(_aeabi_uldivmod.o)
 .debug_info    0x0002a9f0      0x6f5 /usr/lib/gcc/arm-none-eabi/13.2.1/thumb/v7e-m+fp/hard/libgcc.a(_udivmoddi4.o)
 .debug_info    0x0002b0e5       0x3c /usr/lib/gcc/arm-none-eabi/13.2.1/thumb/v7e-m+fp/hard/libgcc.a(_dvmd_tls.o)

.debug_abbrev   0x00000000     0x4d42
 .debug_abbrev  0x00000000      0x400 build/main.o
 .debug_abbrev  0x00000400      0x16b build/stm32f7xx_it.o
 .debug_abbrev  0x0000056b      0x2bd build/stm32f7xx_hal_msp.o
 .debug_abbrev  0x00000828      0x2b6 build/stm32f7xx_hal_adc.o
 .debug_abbrev  0x00000ade      0x2a5 build/stm32f7xx_hal_rcc.o
 .debug_abbrev  0x00000d83      0x1f3 build/stm32f7xx_hal_rcc_ex.o
 .debug_abbrev  0x00000f76      0x22b build/stm32f7xx_hal_gpio.o
 .debug_abbrev  0x000011a1      0x2fe build/stm32f7xx_hal_dma.o
 .debug_abbrev  0x0000149f      0x1cf build/stm32f7xx_hal_pwr.o
 .debug_abbrev  0x0000166e      0x1d5 build/stm32f7xx_hal_pwr_ex.o
 .debug_abbrev  0x00001843      0x3ca build/stm32f7xx_hal_cortex.o
 .debug_abbrev  0x00001c0d      0x244 build/stm32f7xx_hal.o
 .debug_abbrev  0x00001e51      0x2e4 build/stm32f7xx_hal_i2c.o
 .debug_abbrev  0x00002135      0x1b5 build/stm32f7xx_hal_i2c_ex.o
 .debug_abbrev  0x000022ea      0x23c build/stm32f7xx_hal_dac.o
 .debug_abbrev  0x00002526      0x23b build/stm32f7xx_hal_dac_ex.o
 .debug_abbrev  0x00002761      0x3a2 build/stm32f7xx_hal_eth.o
 .debug_abbrev  0x00002b03      0x2bd build/stm32f7xx_hal_tim.o
 .debug_abbrev  0x00002dc0      0x2b7 build/stm32f7xx_hal_tim_ex.o
 .debug_abbrev  0x00003077      0x346 build/stm32f7xx_hal_uart.o
 .debug_abbrev  0x000033bd      0x31c build/stm32f7xx_hal_pcd.o
 .debug_abbrev  0x000036d9      0x1b4 build/stm32f7xx_hal_pcd_ex.o
 .debug_abbrev  0x0000388d      0x326 build/stm32f7xx_ll_usb.o
 .debug_abbrev  0x00003bb3      0x12a build/system_stm32f7xx.o
 .debug_abbrev  0x00003cdd      0x1d6 build/dsp.o
 .debug_abbrev  0x00003eb3       0x1d build/startup_stm32f746xx.o
 .debug_abbrev  0x00003ed0       0xc9 /usr/lib/gcc/arm-none-eabi/13.2.1/../../../arm-none-eabi/lib/thumb/v7e-m+fp/hard/libc_nano.a(libc_a-init.o)
 .debug_abbrev  0x00003f99       0xb7 /usr/lib/gcc/arm-none-eabi/13.2.1/../../../arm-none-eabi/lib/thumb/v7e-m+fp/hard/libc_nano.a(libc_a-memset.o)
 .debug_abbrev  0x00004050      0x15a /usr/lib/gcc/arm-none-eabi/13.2.1/../../../arm-none-eabi/lib/thumb/v7e-m+fp/hard/libm.a(libm_a-sf_cos.o)
 .debug_abbrev  0x000041aa      0x100 /usr/lib/gcc/arm-none-eabi/13.2.1/../../../arm-none-eabi/lib/thumb/v7e-m+fp/hard/libm.a(libm_a-kf_cos.o)
 .debug_abbrev  0x000042aa      0x107 /usr/lib/gcc/arm-none-eabi/13.2.1/../../../arm-none-eabi/lib/thumb/v7e-m+fp/hard/libm.a(libm_a-kf_sin.o)
 .debug_abbrev  0x000043b1      0x194 /usr/lib/gcc/arm-none-eabi/13.2.1/../../../arm-none-eabi/lib/thumb/v7e-m+fp/hard/libm.a(libm_a-ef_rem_pio2.o)
 .debug_abbrev  0x00004545       0xd4 /usr/lib/gcc/arm-none-eabi/13.2.1/../../../arm-none-eabi/lib/thumb/v7e-m+fp/hard/libm.a(libm_a-sf_fabs.o)
 .debug_abbrev  0x00004619      0x169 /usr/lib/gcc/arm-none-eabi/13.2.1/../../../arm-none-eabi/lib/thumb/v7e-m+fp/hard/libm.a(libm_a-kf_rem_pio2.o)
 .debug_abbrev  0x00004782      0x125 /usr/lib/gcc/arm-none-eabi/13.2.1/../../../arm-none-eabi/lib/thumb/v7e-m+fp/hard/libm.a(libm_a-sf_scalbn.o)
 .debug_abbrev  0x000048a7       0xf9 /usr/lib/gcc/arm-none-eabi/13.2.1/../../../arm-none-eabi/lib/thumb/v7e-m+fp/hard/libm.a(libm_a-sf_floor.o)
 .debug_abbrev  0x000049a0       0xd7 Drivers/CMSIS/Lib/GCC/libarm_cortexM7lfsp_math.a(arm_fir_init_f32.o)
 .debug_abbrev  0x00004a77       0xd7 Drivers/CMSIS/Lib/GCC/libarm_cortexM7lfsp_math.a(arm_fir_f32.o)
 .debug_abbrev  0x00004b4e       0x28 /usr/lib/gcc/arm-none-eabi/13.2.1/thumb/v7e-m+fp/hard/libgcc.a(_arm_addsubdf3.o)
 .debug_abbrev  0x00004b76       0x28 /usr/lib/gcc/arm-none-eabi/13.2.1/thumb/v7e-m+fp/hard/libgcc.a(_arm_cmpdf2.o)
 .debug_abbrev  0x00004b9e       0x14 /usr/lib/gcc/arm-none-eabi/13.2.1/thumb/v7e-m+fp/hard/libgcc.a(_aeabi_uldivmod.o)
 .debug_abbrev  0x00004bb2      0x16a /usr/lib/gcc/arm-none-eabi/13.2.1/thumb/v7e-m+fp/hard/libgcc.a(_udivmoddi4.o)
 .debug_abbrev  0x00004d1c       0x26 /usr/lib/gcc/arm-none-eabi/13.2.1/thumb/v7e-m+fp/hard/libgcc.a(_dvmd_tls.o)

.debug_loc      0x00000000    0x21c2f
 .debug_loc     0x00000000      0x9be build/main.o
 .debug_loc     0x000009be       0x60 build/stm32f7xx_it.o
 .debug_loc     0x00000a1e      0x607 build/stm32f7xx_hal_msp.o
 .debug_loc     0x00001025      0xe9c build/stm32f7xx_hal_adc.o
 .debug_loc     0x00001ec1      0x81c build/stm32f7xx_hal_rcc.o
 .debug_loc     0x000026dd      0x8a2 build/stm32f7xx_hal_rcc_ex.o
 .debug_loc     0x00002f7f      0x60b build/stm32f7xx_hal_gpio.o
 .debug_loc     0x0000358a      0xe9a build/stm32f7xx_hal_dma.o
 .debug_loc     0x00004424       0x7f build/stm32f7xx_hal_pwr.o
 .debug_loc     0x000044a3      0x3e6 build/stm32f7xx_hal_pwr_ex.o
 .debug_loc     0x00004889      0x886 build/stm32f7xx_hal_cortex.o
 .debug_loc     0x0000510f      0x1f9 build/stm32f7xx_hal.o
 .debug_loc     0x00005308     0x657f build/stm32f7xx_hal_i2c.o
 .debug_loc     0x0000b887      0x197 build/stm32f7xx_hal_i2c_ex.o
 .debug_loc     0x0000ba1e      0xabe build/stm32f7xx_hal_dac.o
 .debug_loc     0x0000c4dc      0x5d0 build/stm32f7xx_hal_dac_ex.o
 .debug_loc     0x0000caac     0x20b5 build/stm32f7xx_hal_eth.o
 .debug_loc     0x0000eb61     0x64da build/stm32f7xx_hal_tim.o
 .debug_loc     0x0001503b     0x2713 build/stm32f7xx_hal_tim_ex.o
 .debug_loc     0x0001774e     0x50b1 build/stm32f7xx_hal_uart.o
 .debug_loc     0x0001c7ff     0x1796 build/stm32f7xx_hal_pcd.o
 .debug_loc     0x0001df95      0x1d7 build/stm32f7xx_hal_pcd_ex.o
 .debug_loc     0x0001e16c     0x2af4 build/stm32f7xx_ll_usb.o
 .debug_loc     0x00020c60       0xbd build/system_stm32f7xx.o
 .debug_loc     0x00020d1d      0x3e8 build/dsp.o
 .debug_loc     0x00021105       0xb6 Drivers/CMSIS/Lib/GCC/libarm_cortexM7lfsp_math.a(arm_fir_init_f32.o)
 .debug_loc     0x000211bb      0xa74 Drivers/CMSIS/Lib/GCC/libarm_cortexM7lfsp_math.a(arm_fir_f32.o)

.debug_aranges  0x00000000     0x1af0
 .debug_aranges
                0x00000000       0xc8 build/main.o
 .debug_aranges
                0x000000c8       0x70 build/stm32f7xx_it.o
 .debug_aranges
                0x00000138       0x90 build/stm32f7xx_hal_msp.o
 .debug_aranges
                0x000001c8       0xe8 build/stm32f7xx_hal_adc.o
 .debug_aranges
                0x000002b0       0x88 build/stm32f7xx_hal_rcc.o
 .debug_aranges
                0x00000338       0x50 build/stm32f7xx_hal_rcc_ex.o
 .debug_aranges
                0x00000388       0x58 build/stm32f7xx_hal_gpio.o
 .debug_aranges
                0x000003e0       0x90 build/stm32f7xx_hal_dma.o
 .debug_aranges
                0x00000470       0xa0 build/stm32f7xx_hal_pwr.o
 .debug_aranges
                0x00000510       0x80 build/stm32f7xx_hal_pwr_ex.o
 .debug_aranges
                0x00000590       0xe8 build/stm32f7xx_hal_cortex.o
 .debug_aranges
                0x00000678      0x100 build/stm32f7xx_hal.o
 .debug_aranges
                0x00000778      0x2a0 build/stm32f7xx_hal_i2c.o
 .debug_aranges
                0x00000a18       0x38 build/stm32f7xx_hal_i2c_ex.o
 .debug_aranges
                0x00000a50       0xc0 build/stm32f7xx_hal_dac.o
 .debug_aranges
                0x00000b10       0x80 build/stm32f7xx_hal_dac_ex.o
 .debug_aranges
                0x00000b90      0x1e8 build/stm32f7xx_hal_eth.o
 .debug_aranges
                0x00000d78      0x3e0 build/stm32f7xx_hal_tim.o
 .debug_aranges
                0x00001158      0x178 build/stm32f7xx_hal_tim_ex.o
 .debug_aranges
                0x000012d0      0x228 build/stm32f7xx_hal_uart.o
 .debug_aranges
                0x000014f8      0x148 build/stm32f7xx_hal_pcd.o
 .debug_aranges
                0x00001640       0x48 build/stm32f7xx_hal_pcd_ex.o
 .debug_aranges
                0x00001688      0x1a0 build/stm32f7xx_ll_usb.o
 .debug_aranges
                0x00001828       0x28 build/system_stm32f7xx.o
 .debug_aranges
                0x00001850       0x58 build/dsp.o
 .debug_aranges
                0x000018a8       0x28 build/startup_stm32f746xx.o
 .debug_aranges
                0x000018d0       0x20 /usr/lib/gcc/arm-none-eabi/13.2.1/../../../arm-none-eabi/lib/thumb/v7e-m+fp/hard/libc_nano.a(libc_a-init.o)
 .debug_aranges
                0x000018f0       0x20 /usr/lib/gcc/arm-none-eabi/13.2.1/../../../arm-none-eabi/lib/thumb/v7e-m+fp/hard/libc_nano.a(libc_a-memset.o)
 .debug_aranges
                0x00001910       0x20 /usr/lib/gcc/arm-none-eabi/13.2.1/../../../arm-none-eabi/lib/thumb/v7e-m+fp/hard/libm.a(libm_a-sf_cos.o)
 .debug_aranges
                0x00001930       0x20 /usr/lib/gcc/arm-none-eabi/13.2.1/../../../arm-none-eabi/lib/thumb/v7e-m+fp/hard/libm.a(libm_a-kf_cos.o)
 .debug_aranges
                0x00001950       0x20 /usr/lib/gcc/arm-none-eabi/13.2.1/../../../arm-none-eabi/lib/thumb/v7e-m+fp/hard/libm.a(libm_a-kf_sin.o)
 .debug_aranges
                0x00001970       0x20 /usr/lib/gcc/arm-none-eabi/13.2.1/../../../arm-none-eabi/lib/thumb/v7e-m+fp/hard/libm.a(libm_a-ef_rem_pio2.o)
 .debug_aranges
                0x00001990       0x20 /usr/lib/gcc/arm-none-eabi/13.2.1/../../../arm-none-eabi/lib/thumb/v7e-m+fp/hard/libm.a(libm_a-sf_fabs.o)
 .debug_aranges
                0x000019b0       0x20 /usr/lib/gcc/arm-none-eabi/13.2.1/../../../arm-none-eabi/lib/thumb/v7e-m+fp/hard/libm.a(libm_a-kf_rem_pio2.o)
 .debug_aranges
                0x000019d0       0x20 /usr/lib/gcc/arm-none-eabi/13.2.1/../../../arm-none-eabi/lib/thumb/v7e-m+fp/hard/libm.a(libm_a-sf_scalbn.o)
 .debug_aranges
                0x000019f0       0x20 /usr/lib/gcc/arm-none-eabi/13.2.1/../../../arm-none-eabi/lib/thumb/v7e-m+fp/hard/libm.a(libm_a-sf_floor.o)
 .debug_aranges
                0x00001a10       0x20 Drivers/CMSIS/Lib/GCC/libarm_cortexM7lfsp_math.a(arm_fir_init_f32.o)
 .debug_aranges
                0x00001a30       0x20 Drivers/CMSIS/Lib/GCC/libarm_cortexM7lfsp_math.a(arm_fir_f32.o)
 .debug_aranges
                0x00001a50       0x20 /usr/lib/gcc/arm-none-eabi/13.2.1/thumb/v7e-m+fp/hard/libgcc.a(_arm_addsubdf3.o)
 .debug_aranges
                0x00001a70       0x20 /usr/lib/gcc/arm-none-eabi/13.2.1/thumb/v7e-m+fp/hard/libgcc.a(_arm_cmpdf2.o)
 .debug_aranges
                0x00001a90       0x20 /usr/lib/gcc/arm-none-eabi/13.2.1/thumb/v7e-m+fp/hard/libgcc.a(_aeabi_uldivmod.o)
 .debug_aranges
                0x00001ab0       0x20 /usr/lib/gcc/arm-none-eabi/13.2.1/thumb/v7e-m+fp/hard/libgcc.a(_udivmoddi4.o)
 .debug_aranges
                0x00001ad0       0x20 /usr/lib/gcc/arm-none-eabi/13.2.1/thumb/v7e-m+fp/hard/libgcc.a(_dvmd_tls.o)

.debug_ranges   0x00000000     0x17d0
 .debug_ranges  0x00000000      0x118 build/main.o
 .debug_ranges  0x00000118       0x60 build/stm32f7xx_it.o
 .debug_ranges  0x00000178       0x80 build/stm32f7xx_hal_msp.o
 .debug_ranges  0x000001f8       0xd8 build/stm32f7xx_hal_adc.o
 .debug_ranges  0x000002d0       0x78 build/stm32f7xx_hal_rcc.o
 .debug_ranges  0x00000348       0x40 build/stm32f7xx_hal_rcc_ex.o
 .debug_ranges  0x00000388       0x48 build/stm32f7xx_hal_gpio.o
 .debug_ranges  0x000003d0       0x80 build/stm32f7xx_hal_dma.o
 .debug_ranges  0x00000450       0x90 build/stm32f7xx_hal_pwr.o
 .debug_ranges  0x000004e0       0x70 build/stm32f7xx_hal_pwr_ex.o
 .debug_ranges  0x00000550       0xd8 build/stm32f7xx_hal_cortex.o
 .debug_ranges  0x00000628       0xf0 build/stm32f7xx_hal.o
 .debug_ranges  0x00000718      0x290 build/stm32f7xx_hal_i2c.o
 .debug_ranges  0x000009a8       0x28 build/stm32f7xx_hal_i2c_ex.o
 .debug_ranges  0x000009d0       0xb0 build/stm32f7xx_hal_dac.o
 .debug_ranges  0x00000a80       0x70 build/stm32f7xx_hal_dac_ex.o
 .debug_ranges  0x00000af0      0x1d8 build/stm32f7xx_hal_eth.o
 .debug_ranges  0x00000cc8      0x3d0 build/stm32f7xx_hal_tim.o
 .debug_ranges  0x00001098      0x168 build/stm32f7xx_hal_tim_ex.o
 .debug_ranges  0x00001200      0x230 build/stm32f7xx_hal_uart.o
 .debug_ranges  0x00001430      0x138 build/stm32f7xx_hal_pcd.o
 .debug_ranges  0x00001568       0x38 build/stm32f7xx_hal_pcd_ex.o
 .debug_ranges  0x000015a0      0x190 build/stm32f7xx_ll_usb.o
 .debug_ranges  0x00001730       0x18 build/system_stm32f7xx.o
 .debug_ranges  0x00001748       0x48 build/dsp.o
 .debug_ranges  0x00001790       0x20 build/startup_stm32f746xx.o
 .debug_ranges  0x000017b0       0x10 Drivers/CMSIS/Lib/GCC/libarm_cortexM7lfsp_math.a(arm_fir_init_f32.o)
 .debug_ranges  0x000017c0       0x10 Drivers/CMSIS/Lib/GCC/libarm_cortexM7lfsp_math.a(arm_fir_f32.o)

.debug_line     0x00000000    0x1e871
 .debug_line    0x00000000      0xeb9 build/main.o
 .debug_line    0x00000eb9      0x20e build/stm32f7xx_it.o
 .debug_line    0x000010c7      0x858 build/stm32f7xx_hal_msp.o
 .debug_line    0x0000191f      0xfb6 build/stm32f7xx_hal_adc.o
 .debug_line    0x000028d5      0xcb3 build/stm32f7xx_hal_rcc.o
 .debug_line    0x00003588      0xb52 build/stm32f7xx_hal_rcc_ex.o
 .debug_line    0x000040da      0x6aa build/stm32f7xx_hal_gpio.o
 .debug_line    0x00004784      0xdc5 build/stm32f7xx_hal_dma.o
 .debug_line    0x00005549      0x3dc build/stm32f7xx_hal_pwr.o
 .debug_line    0x00005925      0x52c build/stm32f7xx_hal_pwr_ex.o
 .debug_line    0x00005e51      0x77a build/stm32f7xx_hal_cortex.o
 .debug_line    0x000065cb      0x516 build/stm32f7xx_hal.o
 .debug_line    0x00006ae1     0x4de6 build/stm32f7xx_hal_i2c.o
 .debug_line    0x0000b8c7      0x274 build/stm32f7xx_hal_i2c_ex.o
 .debug_line    0x0000bb3b      0x78b build/stm32f7xx_hal_dac.o
 .debug_line    0x0000c2c6      0x430 build/stm32f7xx_hal_dac_ex.o
 .debug_line    0x0000c6f6     0x1cee build/stm32f7xx_hal_eth.o
 .debug_line    0x0000e3e4     0x4841 build/stm32f7xx_hal_tim.o
 .debug_line    0x00012c25     0x1aa3 build/stm32f7xx_hal_tim_ex.o
 .debug_line    0x000146c8     0x3e8f build/stm32f7xx_hal_uart.o
 .debug_line    0x00018557     0x1378 build/stm32f7xx_hal_pcd.o
 .debug_line    0x000198cf      0x2a9 build/stm32f7xx_hal_pcd_ex.o
 .debug_line    0x00019b78     0x1e84 build/stm32f7xx_ll_usb.o
 .debug_line    0x0001b9fc      0x1c7 build/system_stm32f7xx.o
 .debug_line    0x0001bbc3      0x2be build/dsp.o
 .debug_line    0x0001be81       0x73 build/startup_stm32f746xx.o
 .debug_line    0x0001bef4      0x11e /usr/lib/gcc/arm-none-eabi/13.2.1/../../../arm-none-eabi/lib/thumb/v7e-m+fp/hard/libc_nano.a(libc_a-init.o)
 .debug_line    0x0001c012      0x1b6 /usr/lib/gcc/arm-none-eabi/13.2.1/../../../arm-none-eabi/lib/thumb/v7e-m+fp/hard/libc_nano.a(libc_a-memset.o)
 .debug_line    0x0001c1c8      0x1d8 /usr/lib/gcc/arm-none-eabi/13.2.1/../../../arm-none-eabi/lib/thumb/v7e-m+fp/hard/libm.a(libm_a-sf_cos.o)
 .debug_line    0x0001c3a0      0x1d1 /usr/lib/gcc/arm-none-eabi/13.2.1/../../../arm-none-eabi/lib/thumb/v7e-m+fp/hard/libm.a(libm_a-kf_cos.o)
 .debug_line    0x0001c571      0x16d /usr/lib/gcc/arm-none-eabi/13.2.1/../../../arm-none-eabi/lib/thumb/v7e-m+fp/hard/libm.a(libm_a-kf_sin.o)
 .debug_line    0x0001c6de      0x4a8 /usr/lib/gcc/arm-none-eabi/13.2.1/../../../arm-none-eabi/lib/thumb/v7e-m+fp/hard/libm.a(libm_a-ef_rem_pio2.o)
 .debug_line    0x0001cb86      0x154 /usr/lib/gcc/arm-none-eabi/13.2.1/../../../arm-none-eabi/lib/thumb/v7e-m+fp/hard/libm.a(libm_a-sf_fabs.o)
 .debug_line    0x0001ccda      0xa55 /usr/lib/gcc/arm-none-eabi/13.2.1/../../../arm-none-eabi/lib/thumb/v7e-m+fp/hard/libm.a(libm_a-kf_rem_pio2.o)
 .debug_line    0x0001d72f      0x24a /usr/lib/gcc/arm-none-eabi/13.2.1/../../../arm-none-eabi/lib/thumb/v7e-m+fp/hard/libm.a(libm_a-sf_scalbn.o)
 .debug_line    0x0001d979      0x23a /usr/lib/gcc/arm-none-eabi/13.2.1/../../../arm-none-eabi/lib/thumb/v7e-m+fp/hard/libm.a(libm_a-sf_floor.o)
 .debug_line    0x0001dbb3      0x157 Drivers/CMSIS/Lib/GCC/libarm_cortexM7lfsp_math.a(arm_fir_init_f32.o)
 .debug_line    0x0001dd0a      0x346 Drivers/CMSIS/Lib/GCC/libarm_cortexM7lfsp_math.a(arm_fir_f32.o)
 .debug_line    0x0001e050      0x16f /usr/lib/gcc/arm-none-eabi/13.2.1/thumb/v7e-m+fp/hard/libgcc.a(_arm_addsubdf3.o)
 .debug_line    0x0001e1bf       0xa6 /usr/lib/gcc/arm-none-eabi/13.2.1/thumb/v7e-m+fp/hard/libgcc.a(_arm_cmpdf2.o)
 .debug_line    0x0001e265       0x4e /usr/lib/gcc/arm-none-eabi/13.2.1/thumb/v7e-m+fp/hard/libgcc.a(_aeabi_uldivmod.o)
 .debug_line    0x0001e2b3      0x574 /usr/lib/gcc/arm-none-eabi/13.2.1/thumb/v7e-m+fp/hard/libgcc.a(_udivmoddi4.o)
 .debug_line    0x0001e827       0x4a /usr/lib/gcc/arm-none-eabi/13.2.1/thumb/v7e-m+fp/hard/libgcc.a(_dvmd_tls.o)

.debug_str      0x00000000     0x921c
 .debug_str     0x00000000     0x921c build/main.o
                               0x2840 (size before relaxing)
 .debug_str     0x0000921c      0x4ae build/stm32f7xx_it.o
 .debug_str     0x0000921c     0x1cce build/stm32f7xx_hal_msp.o
 .debug_str     0x0000921c      0x90e build/stm32f7xx_hal_adc.o
 .debug_str     0x0000921c      0x6c6 build/stm32f7xx_hal_rcc.o
 .debug_str     0x0000921c      0x6b3 build/stm32f7xx_hal_rcc_ex.o
 .debug_str     0x0000921c      0x4b0 build/stm32f7xx_hal_gpio.o
 .debug_str     0x0000921c      0x734 build/stm32f7xx_hal_dma.o
 .debug_str     0x0000921c      0x5fb build/stm32f7xx_hal_pwr.o
 .debug_str     0x0000921c      0x60a build/stm32f7xx_hal_pwr_ex.o
 .debug_str     0x0000921c      0xd95 build/stm32f7xx_hal_cortex.o
 .debug_str     0x0000921c      0xc2c build/stm32f7xx_hal.o
 .debug_str     0x0000921c     0x1020 build/stm32f7xx_hal_i2c.o
 .debug_str     0x0000921c      0x8a0 build/stm32f7xx_hal_i2c_ex.o
 .debug_str     0x0000921c      0x7bf build/stm32f7xx_hal_dac.o
 .debug_str     0x0000921c      0x69a build/stm32f7xx_hal_dac_ex.o
 .debug_str     0x0000921c     0x16a6 build/stm32f7xx_hal_eth.o
 .debug_str     0x0000921c     0x173b build/stm32f7xx_hal_tim.o
 .debug_str     0x0000921c      0xf81 build/stm32f7xx_hal_tim_ex.o
 .debug_str     0x0000921c      0xfc5 build/stm32f7xx_hal_uart.o
 .debug_str     0x0000921c      0xdf9 build/stm32f7xx_hal_pcd.o
 .debug_str     0x0000921c      0x749 build/stm32f7xx_hal_pcd_ex.o
 .debug_str     0x0000921c      0xd24 build/stm32f7xx_ll_usb.o
 .debug_str     0x0000921c      0x419 build/system_stm32f7xx.o
 .debug_str     0x0000921c      0x281 build/dsp.o
 .debug_str     0x0000921c       0x51 build/startup_stm32f746xx.o
 .debug_str     0x0000921c      0x1fa /usr/lib/gcc/arm-none-eabi/13.2.1/../../../arm-none-eabi/lib/thumb/v7e-m+fp/hard/libc_nano.a(libc_a-init.o)
 .debug_str     0x0000921c      0x1ad /usr/lib/gcc/arm-none-eabi/13.2.1/../../../arm-none-eabi/lib/thumb/v7e-m+fp/hard/libc_nano.a(libc_a-memset.o)
 .debug_str     0x0000921c      0x201 /usr/lib/gcc/arm-none-eabi/13.2.1/../../../arm-none-eabi/lib/thumb/v7e-m+fp/hard/libm.a(libm_a-sf_cos.o)
 .debug_str     0x0000921c      0x1df /usr/lib/gcc/arm-none-eabi/13.2.1/../../../arm-none-eabi/lib/thumb/v7e-m+fp/hard/libm.a(libm_a-kf_cos.o)
 .debug_str     0x0000921c      0x1df /usr/lib/gcc/arm-none-eabi/13.2.1/../../../arm-none-eabi/lib/thumb/v7e-m+fp/hard/libm.a(libm_a-kf_sin.o)
 .debug_str     0x0000921c      0x261 /usr/lib/gcc/arm-none-eabi/13.2.1/../../../arm-none-eabi/lib/thumb/v7e-m+fp/hard/libm.a(libm_a-ef_rem_pio2.o)
 .debug_str     0x0000921c      0x1ce /usr/lib/gcc/arm-none-eabi/13.2.1/../../../arm-none-eabi/lib/thumb/v7e-m+fp/hard/libm.a(libm_a-sf_fabs.o)
 .debug_str     0x0000921c      0x1fa /usr/lib/gcc/arm-none-eabi/13.2.1/../../../arm-none-eabi/lib/thumb/v7e-m+fp/hard/libm.a(libm_a-kf_rem_pio2.o)
 .debug_str     0x0000921c      0x20c /usr/lib/gcc/arm-none-eabi/13.2.1/../../../arm-none-eabi/lib/thumb/v7e-m+fp/hard/libm.a(libm_a-sf_scalbn.o)
 .debug_str     0x0000921c      0x1e6 /usr/lib/gcc/arm-none-eabi/13.2.1/../../../arm-none-eabi/lib/thumb/v7e-m+fp/hard/libm.a(libm_a-sf_floor.o)
 .debug_str     0x0000921c      0x278 Drivers/CMSIS/Lib/GCC/libarm_cortexM7lfsp_math.a(arm_fir_init_f32.o)
 .debug_str     0x0000921c      0x2b3 Drivers/CMSIS/Lib/GCC/libarm_cortexM7lfsp_math.a(arm_fir_f32.o)
 .debug_str     0x0000921c      0x154 /usr/lib/gcc/arm-none-eabi/13.2.1/thumb/v7e-m+fp/hard/libgcc.a(_arm_addsubdf3.o)
 .debug_str     0x0000921c      0x15d /usr/lib/gcc/arm-none-eabi/13.2.1/thumb/v7e-m+fp/hard/libgcc.a(_arm_cmpdf2.o)
 .debug_str     0x0000921c       0xa3 /usr/lib/gcc/arm-none-eabi/13.2.1/thumb/v7e-m+fp/hard/libgcc.a(_aeabi_uldivmod.o)
 .debug_str     0x0000921c      0x685 /usr/lib/gcc/arm-none-eabi/13.2.1/thumb/v7e-m+fp/hard/libgcc.a(_udivmoddi4.o)
 .debug_str     0x0000921c       0xc3 /usr/lib/gcc/arm-none-eabi/13.2.1/thumb/v7e-m+fp/hard/libgcc.a(_dvmd_tls.o)

.debug_frame    0x00000000     0x4860
 .debug_frame   0x00000000      0x288 build/main.o
 .debug_frame   0x00000288       0xd8 build/stm32f7xx_it.o
 .debug_frame   0x00000360      0x1b4 build/stm32f7xx_hal_msp.o
 .debug_frame   0x00000514      0x268 build/stm32f7xx_hal_adc.o
 .debug_frame   0x0000077c      0x178 build/stm32f7xx_hal_rcc.o
 .debug_frame   0x000008f4       0xc0 build/stm32f7xx_hal_rcc_ex.o
 .debug_frame   0x000009b4       0xd8 build/stm32f7xx_hal_gpio.o
 .debug_frame   0x00000a8c      0x188 build/stm32f7xx_hal_dma.o
 .debug_frame   0x00000c14      0x128 build/stm32f7xx_hal_pwr.o
 .debug_frame   0x00000d3c      0x134 build/stm32f7xx_hal_pwr_ex.o
 .debug_frame   0x00000e70      0x1ec build/stm32f7xx_hal_cortex.o
 .debug_frame   0x0000105c      0x20c build/stm32f7xx_hal.o
 .debug_frame   0x00001268      0x98c build/stm32f7xx_hal_i2c.o
 .debug_frame   0x00001bf4       0x60 build/stm32f7xx_hal_i2c_ex.o
 .debug_frame   0x00001c54      0x1fc build/stm32f7xx_hal_dac.o
 .debug_frame   0x00001e50      0x110 build/stm32f7xx_hal_dac_ex.o
 .debug_frame   0x00001f60      0x564 build/stm32f7xx_hal_eth.o
 .debug_frame   0x000024c4      0xb70 build/stm32f7xx_hal_tim.o
 .debug_frame   0x00003034      0x450 build/stm32f7xx_hal_tim_ex.o
 .debug_frame   0x00003484      0x5f4 build/stm32f7xx_hal_uart.o
 .debug_frame   0x00003a78      0x388 build/stm32f7xx_hal_pcd.o
 .debug_frame   0x00003e00       0x7c build/stm32f7xx_hal_pcd_ex.o
 .debug_frame   0x00003e7c      0x49c build/stm32f7xx_ll_usb.o
 .debug_frame   0x00004318       0x30 build/system_stm32f7xx.o
 .debug_frame   0x00004348       0xc4 build/dsp.o
 .debug_frame   0x0000440c       0x2c /usr/lib/gcc/arm-none-eabi/13.2.1/../../../arm-none-eabi/lib/thumb/v7e-m+fp/hard/libc_nano.a(libc_a-init.o)
 .debug_frame   0x00004438       0x2c /usr/lib/gcc/arm-none-eabi/13.2.1/../../../arm-none-eabi/lib/thumb/v7e-m+fp/hard/libc_nano.a(libc_a-memset.o)
 .debug_frame   0x00004464       0x34 /usr/lib/gcc/arm-none-eabi/13.2.1/../../../arm-none-eabi/lib/thumb/v7e-m+fp/hard/libm.a(libm_a-sf_cos.o)
 .debug_frame   0x00004498       0x20 /usr/lib/gcc/arm-none-eabi/13.2.1/../../../arm-none-eabi/lib/thumb/v7e-m+fp/hard/libm.a(libm_a-kf_cos.o)
 .debug_frame   0x000044b8       0x20 /usr/lib/gcc/arm-none-eabi/13.2.1/../../../arm-none-eabi/lib/thumb/v7e-m+fp/hard/libm.a(libm_a-kf_sin.o)
 .debug_frame   0x000044d8       0x34 /usr/lib/gcc/arm-none-eabi/13.2.1/../../../arm-none-eabi/lib/thumb/v7e-m+fp/hard/libm.a(libm_a-ef_rem_pio2.o)
 .debug_frame   0x0000450c       0x20 /usr/lib/gcc/arm-none-eabi/13.2.1/../../../arm-none-eabi/lib/thumb/v7e-m+fp/hard/libm.a(libm_a-sf_fabs.o)
 .debug_frame   0x0000452c       0x5c /usr/lib/gcc/arm-none-eabi/13.2.1/../../../arm-none-eabi/lib/thumb/v7e-m+fp/hard/libm.a(libm_a-kf_rem_pio2.o)
 .debug_frame   0x00004588       0x20 /usr/lib/gcc/arm-none-eabi/13.2.1/../../../arm-none-eabi/lib/thumb/v7e-m+fp/hard/libm.a(libm_a-sf_scalbn.o)
 .debug_frame   0x000045a8       0x20 /usr/lib/gcc/arm-none-eabi/13.2.1/../../../arm-none-eabi/lib/thumb/v7e-m+fp/hard/libm.a(libm_a-sf_floor.o)
 .debug_frame   0x000045c8       0x30 Drivers/CMSIS/Lib/GCC/libarm_cortexM7lfsp_math.a(arm_fir_init_f32.o)
 .debug_frame   0x000045f8       0x98 Drivers/CMSIS/Lib/GCC/libarm_cortexM7lfsp_math.a(arm_fir_f32.o)
 .debug_frame   0x00004690       0xac /usr/lib/gcc/arm-none-eabi/13.2.1/thumb/v7e-m+fp/hard/libgcc.a(_arm_addsubdf3.o)
 .debug_frame   0x0000473c       0xc4 /usr/lib/gcc/arm-none-eabi/13.2.1/thumb/v7e-m+fp/hard/libgcc.a(_arm_cmpdf2.o)
 .debug_frame   0x00004800       0x2c /usr/lib/gcc/arm-none-eabi/13.2.1/thumb/v7e-m+fp/hard/libgcc.a(_aeabi_uldivmod.o)
 .debug_frame   0x0000482c       0x34 /usr/lib/gcc/arm-none-eabi/13.2.1/thumb/v7e-m+fp/hard/libgcc.a(_udivmoddi4.o)

.debug_loclists
                0x00000000     0x201f
 .debug_loclists
                0x00000000       0x65 /usr/lib/gcc/arm-none-eabi/13.2.1/../../../arm-none-eabi/lib/thumb/v7e-m+fp/hard/libc_nano.a(libc_a-init.o)
 .debug_loclists
                0x00000065      0x1c2 /usr/lib/gcc/arm-none-eabi/13.2.1/../../../arm-none-eabi/lib/thumb/v7e-m+fp/hard/libc_nano.a(libc_a-memset.o)
 .debug_loclists
                0x00000227       0x65 /usr/lib/gcc/arm-none-eabi/13.2.1/../../../arm-none-eabi/lib/thumb/v7e-m+fp/hard/libm.a(libm_a-sf_cos.o)
 .debug_loclists
                0x0000028c      0x168 /usr/lib/gcc/arm-none-eabi/13.2.1/../../../arm-none-eabi/lib/thumb/v7e-m+fp/hard/libm.a(libm_a-kf_cos.o)
 .debug_loclists
                0x000003f4       0xcd /usr/lib/gcc/arm-none-eabi/13.2.1/../../../arm-none-eabi/lib/thumb/v7e-m+fp/hard/libm.a(libm_a-kf_sin.o)
 .debug_loclists
                0x000004c1      0x392 /usr/lib/gcc/arm-none-eabi/13.2.1/../../../arm-none-eabi/lib/thumb/v7e-m+fp/hard/libm.a(libm_a-ef_rem_pio2.o)
 .debug_loclists
                0x00000853       0x5c /usr/lib/gcc/arm-none-eabi/13.2.1/../../../arm-none-eabi/lib/thumb/v7e-m+fp/hard/libm.a(libm_a-sf_fabs.o)
 .debug_loclists
                0x000008af      0xa3d /usr/lib/gcc/arm-none-eabi/13.2.1/../../../arm-none-eabi/lib/thumb/v7e-m+fp/hard/libm.a(libm_a-kf_rem_pio2.o)
 .debug_loclists
                0x000012ec      0x21d /usr/lib/gcc/arm-none-eabi/13.2.1/../../../arm-none-eabi/lib/thumb/v7e-m+fp/hard/libm.a(libm_a-sf_scalbn.o)
 .debug_loclists
                0x00001509      0x132 /usr/lib/gcc/arm-none-eabi/13.2.1/../../../arm-none-eabi/lib/thumb/v7e-m+fp/hard/libm.a(libm_a-sf_floor.o)
 .debug_loclists
                0x0000163b      0x9e4 /usr/lib/gcc/arm-none-eabi/13.2.1/thumb/v7e-m+fp/hard/libgcc.a(_udivmoddi4.o)

.debug_rnglists
                0x00000000      0x12f
 .debug_rnglists
                0x00000000       0x13 /usr/lib/gcc/arm-none-eabi/13.2.1/../../../arm-none-eabi/lib/thumb/v7e-m+fp/hard/libm.a(libm_a-sf_cos.o)
 .debug_rnglists
                0x00000013       0x14 /usr/lib/gcc/arm-none-eabi/13.2.1/../../../arm-none-eabi/lib/thumb/v7e-m+fp/hard/libm.a(libm_a-kf_cos.o)
 .debug_rnglists
                0x00000027       0x14 /usr/lib/gcc/arm-none-eabi/13.2.1/../../../arm-none-eabi/lib/thumb/v7e-m+fp/hard/libm.a(libm_a-kf_sin.o)
 .debug_rnglists
                0x0000003b       0x28 /usr/lib/gcc/arm-none-eabi/13.2.1/../../../arm-none-eabi/lib/thumb/v7e-m+fp/hard/libm.a(libm_a-ef_rem_pio2.o)
 .debug_rnglists
                0x00000063       0x13 /usr/lib/gcc/arm-none-eabi/13.2.1/../../../arm-none-eabi/lib/thumb/v7e-m+fp/hard/libm.a(libm_a-sf_fabs.o)
 .debug_rnglists
                0x00000076       0x22 /usr/lib/gcc/arm-none-eabi/13.2.1/../../../arm-none-eabi/lib/thumb/v7e-m+fp/hard/libm.a(libm_a-sf_scalbn.o)
 .debug_rnglists
                0x00000098       0x13 /usr/lib/gcc/arm-none-eabi/13.2.1/../../../arm-none-eabi/lib/thumb/v7e-m+fp/hard/libm.a(libm_a-sf_floor.o)
 .debug_rnglists
                0x000000ab       0x84 /usr/lib/gcc/arm-none-eabi/13.2.1/thumb/v7e-m+fp/hard/libgcc.a(_udivmoddi4.o)

.debug_line_str
                0x00000000       0xb0
 .debug_line_str
                0x00000000       0xb0 /usr/lib/gcc/arm-none-eabi/13.2.1/thumb/v7e-m+fp/hard/libgcc.a(_arm_addsubdf3.o)
                                 0x9c (size before relaxing)
 .debug_line_str
                0x000000b0       0x9c /usr/lib/gcc/arm-none-eabi/13.2.1/thumb/v7e-m+fp/hard/libgcc.a(_arm_cmpdf2.o)
 .debug_line_str
                0x000000b0       0x97 /usr/lib/gcc/arm-none-eabi/13.2.1/thumb/v7e-m+fp/hard/libgcc.a(_aeabi_uldivmod.o)
 .debug_line_str
                0x000000b0       0x9b /usr/lib/gcc/arm-none-eabi/13.2.1/thumb/v7e-m+fp/hard/libgcc.a(_dvmd_tls.o)

Cross Reference Table

Symbol                                            File
ADC_IRQHandler                                    build/startup_stm32f746xx.o
AHBPrescTable                                     build/system_stm32f7xx.o
                                                  build/stm32f7xx_hal_rcc.o
APBPrescTable                                     build/system_stm32f7xx.o
                                                  build/stm32f7xx_hal_rcc.o
BusFault_Handler                                  build/stm32f7xx_it.o
CAN1_RX0_IRQHandler                               build/startup_stm32f746xx.o
CAN1_RX1_IRQHandler                               build/startup_stm32f746xx.o
CAN1_SCE_IRQHandler                               build/startup_stm32f746xx.o
CAN1_TX_IRQHandler                                build/startup_stm32f746xx.o
CAN2_RX0_IRQHandler                               build/startup_stm32f746xx.o
CAN2_RX1_IRQHandler                               build/startup_stm32f746xx.o
CAN2_SCE_IRQHandler                               build/startup_stm32f746xx.o
CAN2_TX_IRQHandler                                build/startup_stm32f746xx.o
CEC_IRQHandler                                    build/startup_stm32f746xx.o
DAC_DMAConvCpltCh1                                build/stm32f7xx_hal_dac.o
DAC_DMAConvCpltCh2                                build/stm32f7xx_hal_dac_ex.o
                                                  build/stm32f7xx_hal_dac.o
DAC_DMAErrorCh1                                   build/stm32f7xx_hal_dac.o
DAC_DMAErrorCh2                                   build/stm32f7xx_hal_dac_ex.o
                                                  build/stm32f7xx_hal_dac.o
DAC_DMAHalfConvCpltCh1                            build/stm32f7xx_hal_dac.o
DAC_DMAHalfConvCpltCh2                            build/stm32f7xx_hal_dac_ex.o
                                                  build/stm32f7xx_hal_dac.o
DCMI_IRQHandler                                   build/startup_stm32f746xx.o
DMA1_Stream0_IRQHandler                           build/startup_stm32f746xx.o
DMA1_Stream1_IRQHandler                           build/startup_stm32f746xx.o
DMA1_Stream2_IRQHandler                           build/startup_stm32f746xx.o
DMA1_Stream3_IRQHandler                           build/startup_stm32f746xx.o
DMA1_Stream4_IRQHandler                           build/startup_stm32f746xx.o
DMA1_Stream5_IRQHandler                           build/stm32f7xx_it.o
DMA1_Stream6_IRQHandler                           build/startup_stm32f746xx.o
DMA1_Stream7_IRQHandler                           build/startup_stm32f746xx.o
DMA2D_IRQHandler                                  build/startup_stm32f746xx.o
DMA2_Stream0_IRQHandler                           build/stm32f7xx_it.o
DMA2_Stream1_IRQHandler                           build/startup_stm32f746xx.o
DMA2_Stream2_IRQHandler                           build/startup_stm32f746xx.o
DMA2_Stream3_IRQHandler                           build/startup_stm32f746xx.o
DMA2_Stream4_IRQHandler                           build/startup_stm32f746xx.o
DMA2_Stream5_IRQHandler                           build/startup_stm32f746xx.o
DMA2_Stream6_IRQHandler                           build/startup_stm32f746xx.o
DMA2_Stream7_IRQHandler                           build/startup_stm32f746xx.o
DMARxDscrTab                                      build/main.o
DMATxDscrTab                                      build/main.o
DebugMon_Handler                                  build/stm32f7xx_it.o
Default_Handler                                   build/startup_stm32f746xx.o
ETH_IRQHandler                                    build/startup_stm32f746xx.o
ETH_WKUP_IRQHandler                               build/startup_stm32f746xx.o
EXTI0_IRQHandler                                  build/startup_stm32f746xx.o
EXTI15_10_IRQHandler                              build/startup_stm32f746xx.o
EXTI1_IRQHandler                                  build/startup_stm32f746xx.o
EXTI2_IRQHandler                                  build/startup_stm32f746xx.o
EXTI3_IRQHandler                                  build/startup_stm32f746xx.o
EXTI4_IRQHandler                                  build/startup_stm32f746xx.o
EXTI9_5_IRQHandler                                build/startup_stm32f746xx.o
Error_Handler                                     build/main.o
                                                  build/stm32f7xx_hal_msp.o
FLASH_Erase_Sector                                build/stm32f7xx_hal_flash_ex.o
                                                  build/stm32f7xx_hal_flash.o
FLASH_IRQHandler                                  build/startup_stm32f746xx.o
FLASH_WaitForLastOperation                        build/stm32f7xx_hal_flash.o
                                                  build/stm32f7xx_hal_flash_ex.o
FMC_IRQHandler                                    build/startup_stm32f746xx.o
FPU_IRQHandler                                    build/startup_stm32f746xx.o
HAL_ADCEx_InjectedConfigChannel                   build/stm32f7xx_hal_adc_ex.o
HAL_ADCEx_InjectedConvCpltCallback                build/stm32f7xx_hal_adc_ex.o
                                                  build/stm32f7xx_hal_adc.o
HAL_ADCEx_InjectedGetValue                        build/stm32f7xx_hal_adc_ex.o
HAL_ADCEx_InjectedPollForConversion               build/stm32f7xx_hal_adc_ex.o
HAL_ADCEx_InjectedStart                           build/stm32f7xx_hal_adc_ex.o
HAL_ADCEx_InjectedStart_IT                        build/stm32f7xx_hal_adc_ex.o
HAL_ADCEx_InjectedStop                            build/stm32f7xx_hal_adc_ex.o
HAL_ADCEx_InjectedStop_IT                         build/stm32f7xx_hal_adc_ex.o
HAL_ADCEx_MultiModeConfigChannel                  build/stm32f7xx_hal_adc_ex.o
HAL_ADCEx_MultiModeGetValue                       build/stm32f7xx_hal_adc_ex.o
HAL_ADCEx_MultiModeStart_DMA                      build/stm32f7xx_hal_adc_ex.o
HAL_ADCEx_MultiModeStop_DMA                       build/stm32f7xx_hal_adc_ex.o
HAL_ADC_AnalogWDGConfig                           build/stm32f7xx_hal_adc.o
HAL_ADC_ConfigChannel                             build/stm32f7xx_hal_adc.o
                                                  build/main.o
HAL_ADC_ConvCpltCallback                          build/main.o
                                                  build/stm32f7xx_hal_adc_ex.o
HAL_ADC_ConvHalfCpltCallback                      build/main.o
                                                  build/stm32f7xx_hal_adc_ex.o
HAL_ADC_DeInit                                    build/stm32f7xx_hal_adc.o
HAL_ADC_ErrorCallback                             build/stm32f7xx_hal_adc.o
                                                  build/stm32f7xx_hal_adc_ex.o
HAL_ADC_GetError                                  build/stm32f7xx_hal_adc.o
HAL_ADC_GetState                                  build/stm32f7xx_hal_adc.o
HAL_ADC_GetValue                                  build/stm32f7xx_hal_adc.o
HAL_ADC_IRQHandler                                build/stm32f7xx_hal_adc.o
HAL_ADC_Init                                      build/stm32f7xx_hal_adc.o
                                                  build/main.o
HAL_ADC_LevelOutOfWindowCallback                  build/stm32f7xx_hal_adc.o
HAL_ADC_MspDeInit                                 build/stm32f7xx_hal_msp.o
HAL_ADC_MspInit                                   build/stm32f7xx_hal_msp.o
HAL_ADC_PollForConversion                         build/stm32f7xx_hal_adc.o
HAL_ADC_PollForEvent                              build/stm32f7xx_hal_adc.o
HAL_ADC_Start                                     build/stm32f7xx_hal_adc.o
HAL_ADC_Start_DMA                                 build/stm32f7xx_hal_adc.o
                                                  build/main.o
HAL_ADC_Start_IT                                  build/stm32f7xx_hal_adc.o
HAL_ADC_Stop                                      build/stm32f7xx_hal_adc.o
HAL_ADC_Stop_DMA                                  build/stm32f7xx_hal_adc.o
HAL_ADC_Stop_IT                                   build/stm32f7xx_hal_adc.o
HAL_DACEx_ConvCpltCallbackCh2                     build/stm32f7xx_hal_dac_ex.o
HAL_DACEx_ConvHalfCpltCallbackCh2                 build/stm32f7xx_hal_dac_ex.o
HAL_DACEx_DMAUnderrunCallbackCh2                  build/stm32f7xx_hal_dac_ex.o
                                                  build/stm32f7xx_hal_dac.o
HAL_DACEx_DualGetValue                            build/stm32f7xx_hal_dac_ex.o
HAL_DACEx_DualSetValue                            build/stm32f7xx_hal_dac_ex.o
HAL_DACEx_DualStart                               build/stm32f7xx_hal_dac_ex.o
HAL_DACEx_DualStop                                build/stm32f7xx_hal_dac_ex.o
HAL_DACEx_ErrorCallbackCh2                        build/stm32f7xx_hal_dac_ex.o
HAL_DACEx_NoiseWaveGenerate                       build/stm32f7xx_hal_dac_ex.o
HAL_DACEx_TriangleWaveGenerate                    build/stm32f7xx_hal_dac_ex.o
HAL_DAC_ConfigChannel                             build/stm32f7xx_hal_dac.o
                                                  build/main.o
HAL_DAC_ConvCpltCallbackCh1                       build/main.o
HAL_DAC_ConvHalfCpltCallbackCh1                   build/main.o
HAL_DAC_DMAUnderrunCallbackCh1                    build/stm32f7xx_hal_dac.o
HAL_DAC_DeInit                                    build/stm32f7xx_hal_dac.o
HAL_DAC_ErrorCallbackCh1                          build/stm32f7xx_hal_dac.o
HAL_DAC_GetError                                  build/stm32f7xx_hal_dac.o
HAL_DAC_GetState                                  build/stm32f7xx_hal_dac.o
HAL_DAC_GetValue                                  build/stm32f7xx_hal_dac.o
HAL_DAC_IRQHandler                                build/stm32f7xx_hal_dac.o
HAL_DAC_Init                                      build/stm32f7xx_hal_dac.o
                                                  build/main.o
HAL_DAC_MspDeInit                                 build/stm32f7xx_hal_msp.o
HAL_DAC_MspInit                                   build/stm32f7xx_hal_msp.o
HAL_DAC_SetValue                                  build/stm32f7xx_hal_dac.o
HAL_DAC_Start                                     build/stm32f7xx_hal_dac.o
HAL_DAC_Start_DMA                                 build/stm32f7xx_hal_dac.o
                                                  build/main.o
HAL_DAC_Stop                                      build/stm32f7xx_hal_dac.o
HAL_DAC_Stop_DMA                                  build/stm32f7xx_hal_dac.o
HAL_DBGMCU_DisableDBGSleepMode                    build/stm32f7xx_hal.o
HAL_DBGMCU_DisableDBGStandbyMode                  build/stm32f7xx_hal.o
HAL_DBGMCU_DisableDBGStopMode                     build/stm32f7xx_hal.o
HAL_DBGMCU_EnableDBGSleepMode                     build/stm32f7xx_hal.o
HAL_DBGMCU_EnableDBGStandbyMode                   build/stm32f7xx_hal.o
HAL_DBGMCU_EnableDBGStopMode                      build/stm32f7xx_hal.o
HAL_DMAEx_ChangeMemory                            build/stm32f7xx_hal_dma_ex.o
HAL_DMAEx_MultiBufferStart                        build/stm32f7xx_hal_dma_ex.o
HAL_DMAEx_MultiBufferStart_IT                     build/stm32f7xx_hal_dma_ex.o
HAL_DMA_Abort                                     build/stm32f7xx_hal_dma.o
                                                  build/stm32f7xx_hal_uart.o
                                                  build/stm32f7xx_hal_dac.o
                                                  build/stm32f7xx_hal_adc_ex.o
                                                  build/stm32f7xx_hal_adc.o
HAL_DMA_Abort_IT                                  build/stm32f7xx_hal_dma.o
                                                  build/stm32f7xx_hal_uart.o
                                                  build/stm32f7xx_hal_tim_ex.o
                                                  build/stm32f7xx_hal_tim.o
                                                  build/stm32f7xx_hal_i2c.o
HAL_DMA_DeInit                                    build/stm32f7xx_hal_dma.o
                                                  build/stm32f7xx_hal_msp.o
HAL_DMA_GetError                                  build/stm32f7xx_hal_dma.o
                                                  build/stm32f7xx_hal_uart.o
                                                  build/stm32f7xx_hal_i2c.o
HAL_DMA_GetState                                  build/stm32f7xx_hal_dma.o
                                                  build/stm32f7xx_hal_i2c.o
HAL_DMA_IRQHandler                                build/stm32f7xx_hal_dma.o
                                                  build/stm32f7xx_it.o